Component: ARM Compiler 5.06 update 6 (build 750) Tool: armlink [4d35ed]

==============================================================================

Section Cross References

    startup_stm32f10x_hd.o(RESET) refers to startup_stm32f10x_hd.o(STACK) for __initial_sp
    startup_stm32f10x_hd.o(RESET) refers to startup_stm32f10x_hd.o(.text) for Reset_Handler
    startup_stm32f10x_hd.o(RESET) refers to stm32f10x_it.o(i.NMI_Handler) for NMI_Handler
    startup_stm32f10x_hd.o(RESET) refers to stm32f10x_it.o(i.HardFault_Handler) for HardFault_Handler
    startup_stm32f10x_hd.o(RESET) refers to stm32f10x_it.o(i.MemManage_Handler) for MemManage_Handler
    startup_stm32f10x_hd.o(RESET) refers to stm32f10x_it.o(i.BusFault_Handler) for BusFault_Handler
    startup_stm32f10x_hd.o(RESET) refers to stm32f10x_it.o(i.UsageFault_Handler) for UsageFault_Handler
    startup_stm32f10x_hd.o(RESET) refers to stm32f10x_it.o(i.SVC_Handler) for SVC_Handler
    startup_stm32f10x_hd.o(RESET) refers to stm32f10x_it.o(i.DebugMon_Handler) for DebugMon_Handler
    startup_stm32f10x_hd.o(RESET) refers to stm32f10x_it.o(i.PendSV_Handler) for PendSV_Handler
    startup_stm32f10x_hd.o(RESET) refers to stm32f10x_it.o(i.SysTick_Handler) for SysTick_Handler
    startup_stm32f10x_hd.o(RESET) refers to usart.o(i.USART1_IRQHandler) for USART1_IRQHandler
    startup_stm32f10x_hd.o(.text) refers to system_stm32f10x.o(i.SystemInit) for SystemInit
    startup_stm32f10x_hd.o(.text) refers to entry.o(.ARM.Collect$$$$00000000) for __main
    stm32f10x_gpio.o(i.GPIO_AFIODeInit) refers to stm32f10x_rcc.o(i.RCC_APB2PeriphResetCmd) for RCC_APB2PeriphResetCmd
    stm32f10x_gpio.o(i.GPIO_DeInit) refers to stm32f10x_rcc.o(i.RCC_APB2PeriphResetCmd) for RCC_APB2PeriphResetCmd
    stm32f10x_spi.o(i.I2S_Init) refers to stm32f10x_rcc.o(i.RCC_GetClocksFreq) for RCC_GetClocksFreq
    stm32f10x_spi.o(i.SPI_I2S_DeInit) refers to stm32f10x_rcc.o(i.RCC_APB2PeriphResetCmd) for RCC_APB2PeriphResetCmd
    stm32f10x_spi.o(i.SPI_I2S_DeInit) refers to stm32f10x_rcc.o(i.RCC_APB1PeriphResetCmd) for RCC_APB1PeriphResetCmd
    stm32f10x_rcc.o(i.RCC_GetClocksFreq) refers to stm32f10x_rcc.o(.data) for .data
    stm32f10x_rcc.o(i.RCC_WaitForHSEStartUp) refers to stm32f10x_rcc.o(i.RCC_GetFlagStatus) for RCC_GetFlagStatus
    stm32f10x_tim.o(i.TIM_DeInit) refers to stm32f10x_rcc.o(i.RCC_APB1PeriphResetCmd) for RCC_APB1PeriphResetCmd
    stm32f10x_tim.o(i.TIM_DeInit) refers to stm32f10x_rcc.o(i.RCC_APB2PeriphResetCmd) for RCC_APB2PeriphResetCmd
    stm32f10x_tim.o(i.TIM_ETRClockMode1Config) refers to stm32f10x_tim.o(i.TIM_ETRConfig) for TIM_ETRConfig
    stm32f10x_tim.o(i.TIM_ETRClockMode2Config) refers to stm32f10x_tim.o(i.TIM_ETRConfig) for TIM_ETRConfig
    stm32f10x_tim.o(i.TIM_ICInit) refers to stm32f10x_tim.o(i.TI1_Config) for TI1_Config
    stm32f10x_tim.o(i.TIM_ICInit) refers to stm32f10x_tim.o(i.TIM_SetIC1Prescaler) for TIM_SetIC1Prescaler
    stm32f10x_tim.o(i.TIM_ICInit) refers to stm32f10x_tim.o(i.TI2_Config) for TI2_Config
    stm32f10x_tim.o(i.TIM_ICInit) refers to stm32f10x_tim.o(i.TIM_SetIC2Prescaler) for TIM_SetIC2Prescaler
    stm32f10x_tim.o(i.TIM_ICInit) refers to stm32f10x_tim.o(i.TIM_SetIC3Prescaler) for TIM_SetIC3Prescaler
    stm32f10x_tim.o(i.TIM_ICInit) refers to stm32f10x_tim.o(i.TIM_SetIC4Prescaler) for TIM_SetIC4Prescaler
    stm32f10x_tim.o(i.TIM_ITRxExternalClockConfig) refers to stm32f10x_tim.o(i.TIM_SelectInputTrigger) for TIM_SelectInputTrigger
    stm32f10x_tim.o(i.TIM_PWMIConfig) refers to stm32f10x_tim.o(i.TI2_Config) for TI2_Config
    stm32f10x_tim.o(i.TIM_PWMIConfig) refers to stm32f10x_tim.o(i.TIM_SetIC2Prescaler) for TIM_SetIC2Prescaler
    stm32f10x_tim.o(i.TIM_PWMIConfig) refers to stm32f10x_tim.o(i.TI1_Config) for TI1_Config
    stm32f10x_tim.o(i.TIM_PWMIConfig) refers to stm32f10x_tim.o(i.TIM_SetIC1Prescaler) for TIM_SetIC1Prescaler
    stm32f10x_tim.o(i.TIM_TIxExternalClockConfig) refers to stm32f10x_tim.o(i.TI1_Config) for TI1_Config
    stm32f10x_tim.o(i.TIM_TIxExternalClockConfig) refers to stm32f10x_tim.o(i.TIM_SelectInputTrigger) for TIM_SelectInputTrigger
    stm32f10x_tim.o(i.TIM_TIxExternalClockConfig) refers to stm32f10x_tim.o(i.TI2_Config) for TI2_Config
    stm32f10x_usart.o(i.USART_DeInit) refers to stm32f10x_rcc.o(i.RCC_APB2PeriphResetCmd) for RCC_APB2PeriphResetCmd
    stm32f10x_usart.o(i.USART_DeInit) refers to stm32f10x_rcc.o(i.RCC_APB1PeriphResetCmd) for RCC_APB1PeriphResetCmd
    stm32f10x_usart.o(i.USART_Init) refers to stm32f10x_rcc.o(i.RCC_GetClocksFreq) for RCC_GetClocksFreq
    delay.o(i.delay_init) refers to misc.o(i.SysTick_CLKSourceConfig) for SysTick_CLKSourceConfig
    delay.o(i.delay_init) refers to system_stm32f10x.o(.data) for SystemCoreClock
    delay.o(i.delay_init) refers to delay.o(.data) for .data
    delay.o(i.delay_ms) refers to delay.o(.data) for .data
    delay.o(i.delay_us) refers to delay.o(.data) for .data
[...]
    M8266WIFIDrv_STM32F1xx.o(.text.M8266WIFI_SPI_Get_STA_Hostname) refers to M8266WIFIDrv_STM32F1xx.o(.text) for fvdnstap
    M8266WIFIDrv_STM32F1xx.o(.text.M8266WIFI_SPI_Get_STA_Hostname) refers to M8266WIFIDrv_STM32F1xx.o(.rodata.str1.1) for [Anonymous Symbol]
    M8266WIFIDrv_STM32F1xx.o(.text.M8266WIFI_SPI_Set_STA_Hostname) refers to M8266WIFIDrv_STM32F1xx.o(.text) for fvdnstap
    M8266WIFIDrv_STM32F1xx.o(.text.M8266WIFI_SPI_Set_STA_Hostname) refers to M8266WIFIDrv_STM32F1xx.o(.rodata.str1.1) for [Anonymous Symbol]
    M8266WIFIDrv_STM32F1xx.o(.text.M8266WIFI_SPI_Set_Tx_Max_Power) refers to M8266WIFIDrv_STM32F1xx.o(.text) for M8266WIFI_SPI_wscbf
    M8266WIFIDrv_STM32F1xx.o(.text.M8266WIFI_SPI_Sleep_Module) refers to M8266WIFIDrv_STM32F1xx.o(.text) for M8266WIFI_SPI_wscbf
    M8266WIFIDrv_STM32F1xx.o(.text.M8266WIFI_SPI_Query_Module_Gpio_Mode) refers to M8266WIFIDrv_STM32F1xx.o(.text) for fvdnstap
    M8266WIFIDrv_STM32F1xx.o(.text.M8266WIFI_SPI_Query_Module_Gpio_Mode) refers to M8266WIFIDrv_STM32F1xx.o(.rodata.str1.1) for [Anonymous Symbol]
    M8266WIFIDrv_STM32F1xx.o(.text.M8266WIFI_SPI_Config_Module_Gpio_Mode) refers to M8266WIFIDrv_STM32F1xx.o(.text) for fvdnstap
    M8266WIFIDrv_STM32F1xx.o(.text.M8266WIFI_SPI_Config_Module_Gpio_Mode) refers to M8266WIFIDrv_STM32F1xx.o(.rodata.str1.1) for [Anonymous Symbol]
    M8266WIFIDrv_STM32F1xx.o(.text.M8266WIFI_SPI_Read_Module_Gpio) refers to M8266WIFIDrv_STM32F1xx.o(.text) for fvdnstap
    M8266WIFIDrv_STM32F1xx.o(.text.M8266WIFI_SPI_Read_Module_Gpio) refers to M8266WIFIDrv_STM32F1xx.o(.rodata.str1.1) for [Anonymous Symbol]
    M8266WIFIDrv_STM32F1xx.o(.text.M8266WIFI_SPI_Write_Module_Gpio) refers to M8266WIFIDrv_STM32F1xx.o(.text) for fvdnstap
    M8266WIFIDrv_STM32F1xx.o(.text.M8266WIFI_SPI_Write_Module_Gpio) refers to M8266WIFIDrv_STM32F1xx.o(.rodata.str1.1) for [Anonymous Symbol]
    M8266WIFIDrv_STM32F1xx.o(.text.M8266WIFI_SPI_Read_Module_Adc) refers to M8266WIFIDrv_STM32F1xx.o(.text) for fvdnstap
    M8266WIFIDrv_STM32F1xx.o(.text.M8266WIFI_SPI_Read_Module_Adc) refers to M8266WIFIDrv_STM32F1xx.o(.rodata.str1.1) for [Anonymous Symbol]
    M8266WIFIDrv_STM32F1xx.o(.text.M8266WIFI_SPI_Read_On_Module_Flash) refers to M8266WIFIDrv_STM32F1xx.o(.text) for fvdnstap
    M8266WIFIDrv_STM32F1xx.o(.text.M8266WIFI_SPI_Read_On_Module_Flash) refers to M8266WIFIDrv_STM32F1xx.o(.rodata.str1.1) for [Anonymous Symbol]
    M8266WIFIDrv_STM32F1xx.o(.text.M8266WIFI_SPI_Write_On_Module_Flash) refers to M8266WIFIDrv_STM32F1xx.o(.text) for fvdnstap
    M8266WIFIDrv_STM32F1xx.o(.text.M8266WIFI_SPI_Write_On_Module_Flash) refers to M8266WIFIDrv_STM32F1xx.o(.rodata.str1.1) for [Anonymous Symbol]
    M8266WIFIDrv_STM32F1xx.o(.text.M8266WIFI_SPI_Store_SSL_Certificates) refers to M8266WIFIDrv_STM32F1xx.o(.text) for fvdnstap
    M8266WIFIDrv_STM32F1xx.o(.text.M8266WIFI_SPI_Store_SSL_Certificates) refers to M8266WIFIDrv_STM32F1xx.o(.text.M8266WIFI_SPI_Write_On_Module_Flash) for M8266WIFI_SPI_Write_On_Module_Flash
    M8266WIFIDrv_STM32F1xx.o(.text.M8266WIFI_SPI_Store_SSL_Certificates) refers to M8266WIFIDrv_STM32F1xx.o(.rodata.str1.1) for [Anonymous Symbol]
    M8266WIFIDrv_STM32F1xx.o(.text.M8266WIFI_SPI_Query_Freq_Offset) refers to M8266WIFIDrv_STM32F1xx.o(.text.16) for M8266WIFI_SPI_Opscpm.constprop.19
    M8266WIFIDrv_STM32F1xx.o(.text.M8266WIFI_SPI_Update_Freq_Offset) refers to M8266WIFIDrv_STM32F1xx.o(.text.16) for M8266WIFI_SPI_Opscpm.constprop.19
    M8266WIFIDrv_STM32F1xx.o(.text.M8266WIFI_SPI_Restore_Module_to_Default) refers to M8266WIFIDrv_STM32F1xx.o(.text) for fvdnstap
    M8266WIFIDrv_STM32F1xx.o(.text.M8266WIFI_SPI_Restore_Module_to_Default) refers to M8266WIFIDrv_STM32F1xx.o(.rodata.str1.1) for [Anonymous Symbol]
    M8266WIFIDrv_STM32F1xx.o(.text.M8266WIFI_SPI_Reset_Module) refers to M8266WIFIDrv_STM32F1xx.o(.text.M8266WIFI_SPI_Sleep_Module) for M8266WIFI_SPI_Sleep_Module
    M8266WIFIDrv_STM32F1xx.o(.text.M8266WIFI_SPI_Reset_Module) refers to m8266hostif_stm32xx.o(i.M8266HostIf_Set_SPI_nCS_Pin) for M8266HostIf_Set_SPI_nCS_Pin
    M8266WIFIDrv_STM32F1xx.o(.text.M8266WIFI_SPI_Reset_Module) refers to m8266hostif_stm32xx.o(i.M8266HostIf_delay_us) for M8266HostIf_delay_us
    M8266WIFIDrv_STM32F1xx.o(.text.M8266WIFI_SPI_Reset_Module) refers to M8266WIFIDrv_STM32F1xx.o(.text) for M8266WIFI_SPI_wscbf
    M8266WIFIDrv_STM32F1xx.o(.text.M8266WIFI_SPI_Set_WebServer) refers to M8266WIFIDrv_STM32F1xx.o(.text.17) for M8266WIFI_SPI_cavbs
    M8266WIFIDrv_STM32F1xx.o(.text.M8266WIFI_SPI_Query_Web_Server_Info) refers to M8266WIFIDrv_STM32F1xx.o(.text) for fvdnstap
    M8266WIFIDrv_STM32F1xx.o(.text.M8266WIFI_SPI_Query_Web_Server_Info) refers to M8266WIFIDrv_STM32F1xx.o(.rodata.str1.1) for [Anonymous Symbol]
    M8266WIFIDrv_STM32F1xx.o(.text.M8266WIFI_SPI_Set_WebServer_OpRightCode) refers to M8266WIFIDrv_STM32F1xx.o(.text) for fvdnstap
    M8266WIFIDrv_STM32F1xx.o(.text.M8266WIFI_SPI_Set_WebServer_OpRightCode) refers to M8266WIFIDrv_STM32F1xx.o(.text.M8266WIFI_SPI_Query_Web_Server_Info) for M8266WIFI_SPI_Query_Web_Server_Info
    M8266WIFIDrv_STM32F1xx.o(.text.M8266WIFI_SPI_Set_WebServer_OpRightCode) refers to M8266WIFIDrv_STM32F1xx.o(.text.17) for M8266WIFI_SPI_cavbs
    M8266WIFIDrv_STM32F1xx.o(.text.M8266WIFI_SPI_Set_WebServer_OpRightCode) refers to M8266WIFIDrv_STM32F1xx.o(.rodata.str1.1) for [Anonymous Symbol]
    M8266WIFIDrv_STM32F1xx.o(.text.M8266WIFI_SPI_Enable_Web_Advertise) refers to M8266WIFIDrv_STM32F1xx.o(.text.18) for M8266WIFI_SPI_sewavst
    M8266WIFIDrv_STM32F1xx.o(.text.M8266WIFI_SPI_Set_Web_Advertise) refers to M8266WIFIDrv_STM32F1xx.o(.text.18) for M8266WIFI_SPI_sewavst
    M8266WIFIDrv_STM32F1xx.o(.text.M8266WIFI_SPI_Enable_Wap_Style) refers to M8266WIFIDrv_STM32F1xx.o(.text) for fvdnstap
    M8266WIFIDrv_STM32F1xx.o(.text.M8266WIFI_SPI_Enable_Wap_Style) refers to M8266WIFIDrv_STM32F1xx.o(.rodata.str1.1) for [Anonymous Symbol]
    M8266WIFIDrv_STM32F1xx.o(.text.M8266WIFI_SPI_Query_Wap_Style) refers to M8266WIFIDrv_STM32F1xx.o(.text) for fvdnstap
    M8266WIFIDrv_STM32F1xx.o(.text.M8266WIFI_SPI_Query_Wap_Style) refers to M8266WIFIDrv_STM32F1xx.o(.rodata.str1.1) for [Anonymous Symbol]
    M8266WIFIDrv_STM32F1xx.o(.text.M8266WIFI_SPI_Set_Web_CLogo) refers to memseta.o(.text) for memset
    M8266WIFIDrv_STM32F1xx.o(.text.M8266WIFI_SPI_Set_Web_CLogo) refers to M8266WIFIDrv_STM32F1xx.o(.text) for M8266WIFI_SPI_ffwsbza
    M8266WIFIDrv_STM32F1xx.o(.text.M8266WIFI_SPI_Set_Web_CLogo) refers to M8266WIFIDrv_STM32F1xx.o(.text.9) for M8266WIFI_SPI_sptdt
    M8266WIFIDrv_STM32F1xx.o(.text.M8266WIFI_SPI_Set_Web_CLogo) refers to M8266WIFIDrv_STM32F1xx.o(.rodata.str1.1) for [Anonymous Symbol]
    M8266WIFIDrv_STM32F1xx.o(.text.M8266WIFI_SPI_StartDns) refers to M8266WIFIDrv_STM32F1xx.o(.text) for fvdnstap
    M8266WIFIDrv_STM32F1xx.o(.text.M8266WIFI_SPI_StartDns) refers to M8266WIFIDrv_STM32F1xx.o(.rodata.str1.1) for [Anonymous Symbol]
    M8266WIFIDrv_STM32F1xx.o(.text.M8266WIFI_SPI_QueryDns) refers to M8266WIFIDrv_STM32F1xx.o(.text) for fvdnstap
    M8266WIFIDrv_STM32F1xx.o(.text.M8266WIFI_SPI_QueryDns) refers to M8266WIFIDrv_STM32F1xx.o(.rodata.str1.1) for [Anonymous Symbol]
    M8266WIFIDrv_STM32F1xx.o(.text.M8266WIFI_SPI_Module_OTA_UserImg_Query) refers to M8266WIFIDrv_STM32F1xx.o(.text) for fvdnstap
    M8266WIFIDrv_STM32F1xx.o(.text.M8266WIFI_SPI_Module_OTA_UserImg_Query) refers to M8266WIFIDrv_STM32F1xx.o(.rodata.str1.1) for [Anonymous Symbol]
    M8266WIFIDrv_STM32F1xx.o(.text.M8266WIFI_SPI_Module_OTA_UserImg_Select) refers to M8266WIFIDrv_STM32F1xx.o(.text) for fvdnstap
    M8266WIFIDrv_STM32F1xx.o(.text.M8266WIFI_SPI_Module_OTA_UserImg_Select) refers to M8266WIFIDrv_STM32F1xx.o(.rodata.str1.1) for [Anonymous Symbol]
    M8266WIFIDrv_STM32F1xx.o(.text.M8266WIFI_SPI_Module_OTA_Start_Ota) refers to M8266WIFIDrv_STM32F1xx.o(.text) for fvdnstap
    M8266WIFIDrv_STM32F1xx.o(.text.M8266WIFI_SPI_Module_OTA_Start_Ota) refers to m8266hostif_stm32xx.o(i.M8266HostIf_delay_us) for M8266HostIf_delay_us
    M8266WIFIDrv_STM32F1xx.o(.text.M8266WIFI_SPI_Module_OTA_Start_Ota) refers to M8266WIFIDrv_STM32F1xx.o(.rodata.str1.1) for [Anonymous Symbol]
    M8266WIFIDrv_STM32F1xx.o(.text.M8266WIFI_SPI_Module_OTA) refers to M8266WIFIDrv_STM32F1xx.o(.text) for fvdnstap
    M8266WIFIDrv_STM32F1xx.o(.text.M8266WIFI_SPI_Module_OTA) refers to M8266WIFIDrv_STM32F1xx.o(.text.M8266WIFI_SPI_Module_OTA_Start_Ota) for M8266WIFI_SPI_Module_OTA_Start_Ota
    M8266WIFIDrv_STM32F1xx.o(.text.M8266WIFI_SPI_Module_OTA) refers to M8266WIFIDrv_STM32F1xx.o(.text.19) for M8266WIFI_SPI_mosqy
    M8266WIFIDrv_STM32F1xx.o(.text.M8266WIFI_SPI_Module_OTA) refers to m8266hostif_stm32xx.o(i.M8266HostIf_delay_us) for M8266HostIf_delay_us
    M8266WIFIDrv_STM32F1xx.o(.text.M8266WIFI_SPI_Module_OTA) refers to M8266WIFIDrv_STM32F1xx.o(.rodata.str1.1) for [Anonymous Symbol]
    M8266WIFIDrv_STM32F1xx.o(.text.M8266WIFI_SPI_Get_Module_Info) refers to memseta.o(.text) for memset
    M8266WIFIDrv_STM32F1xx.o(.text.M8266WIFI_SPI_Get_Module_Info) refers to M8266WIFIDrv_STM32F1xx.o(.text) for M8266WIFI_SPI_wscbf
    M8266WIFIDrv_STM32F1xx.o(.text.M8266HostIf_SPI_Select) refers to M8266WIFIDrv_STM32F1xx.o(.text) for M8266WIFI_SPI_ssmd
    M8266WIFIDrv_STM32F1xx.o(.text.M8266HostIf_SPI_Select) refers to m8266hostif_stm32xx.o(i.M8266HostIf_delay_us) for M8266HostIf_delay_us
    M8266WIFIDrv_STM32F1xx.o(.text.M8266HostIf_SPI_Select) refers to M8266WIFIDrv_STM32F1xx.o(.text.M8266WIFI_SPI_Get_Module_Info) for M8266WIFI_SPI_Get_Module_Info
    M8266WIFIDrv_STM32F1xx.o(.text.M8266HostIf_SPI_Select) refers to M8266WIFIDrv_STM32F1xx.o(.bss.M8266WIFI_INTERFACE_SPI) for [Anonymous Symbol]
    M8266WIFIDrv_STM32F1xx.o(.text.M8266HostIf_SPI_Select) refers to M8266WIFIDrv_STM32F1xx.o(.data.mdfwv) for [Anonymous Symbol]
    M8266WIFIDrv_STM32F1xx.o(.text.M8266HostIf_SPI_Select) refers to M8266WIFIDrv_STM32F1xx.o(.rodata.str1.1) for [Anonymous Symbol]
    M8266WIFIDrv_STM32F1xx.o(.text.M8266WIFI_SPI_Get_Driver_Info) refers to M8266WIFIDrv_STM32F1xx.o(.rodata.str1.1) for [Anonymous Symbol]
    entry.o(.ARM.Collect$$$$00000000) refers (Special) to entry10a.o(.ARM.Collect$$$$0000000D) for __rt_final_cpp
    entry.o(.ARM.Collect$$$$00000000) refers (Special) to entry11a.o(.ARM.Collect$$$$0000000F) for __rt_final_exit
    entry.o(.ARM.Collect$$$$00000000) refers (Special) to entry7b.o(.ARM.Collect$$$$00000008) for _main_clock
    entry.o(.ARM.Collect$$$$00000000) refers (Special) to entry8b.o(.ARM.Collect$$$$0000000A) for _main_cpp_init
    entry.o(.ARM.Collect$$$$00000000) refers (Special) to entry9a.o(.ARM.Collect$$$$0000000B) for _main_init
    entry.o(.ARM.Collect$$$$00000000) refers (Special) to entry5.o(.ARM.Collect$$$$00000004) for _main_scatterload
    entry.o(.ARM.Collect$$$$00000000) refers (Special) to entry2.o(.ARM.Collect$$$$00000001) for _main_stk
    entry2.o(.ARM.Collect$$$$00000001) refers to entry2.o(.ARM.Collect$$$$00002712) for __lit__00000000
    entry2.o(.ARM.Collect$$$$00002712) refers to startup_stm32f10x_hd.o(STACK) for __initial_sp
    entry2.o(__vectab_stack_and_reset_area) refers to startup_stm32f10x_hd.o(STACK) for __initial_sp
    entry2.o(__vectab_stack_and_reset_area) refers to entry.o(.ARM.Collect$$$$00000000) for __main
    entry5.o(.ARM.Collect$$$$00000004) refers to init.o(.text) for __scatterload
    entry9a.o(.ARM.Collect$$$$0000000B) refers to main.o(i.main) for main
    entry9b.o(.ARM.Collect$$$$0000000C) refers to main.o(i.main) for main
    init.o(.text) refers to entry5.o(.ARM.Collect$$$$00000004) for __main_after_scatterload


==============================================================================

Removing Unused input sections from the image.

    Removing core_cm3.o(.emb_text), (32 bytes).
    Removing startup_stm32f10x_hd.o(HEAP), (512 bytes).
    Removing stm32f10x_exti.o(i.EXTI_ClearFlag), (12 bytes).
    Removing stm32f10x_exti.o(i.EXTI_ClearITPendingBit), (12 bytes).
    Removing stm32f10x_exti.o(i.EXTI_DeInit), (36 bytes).
    Removing stm32f10x_exti.o(i.EXTI_GenerateSWInterrupt), (16 bytes).
    Removing stm32f10x_exti.o(i.EXTI_GetFlagStatus), (20 bytes).
    Removing stm32f10x_exti.o(i.EXTI_GetITStatus), (32 bytes).
    Removing stm32f10x_exti.o(i.EXTI_Init), (112 bytes).
    Removing stm32f10x_exti.o(i.EXTI_StructInit), (14 bytes).
    Removing stm32f10x_gpio.o(i.GPIO_AFIODeInit), (22 bytes).
    Removing stm32f10x_gpio.o(i.GPIO_DeInit), (180 bytes).
    Removing stm32f10x_gpio.o(i.GPIO_ETH_MediaInterfaceConfig), (12 bytes).
    Removing stm32f10x_gpio.o(i.GPIO_EXTILineConfig), (40 bytes).
    Removing stm32f10x_gpio.o(i.GPIO_EventOutputCmd), (12 bytes).
    Removing stm32f10x_gpio.o(i.GPIO_EventOutputConfig), (28 bytes).
    Removing stm32f10x_gpio.o(i.GPIO_PinLockConfig), (16 bytes).
    Removing stm32f10x_gpio.o(i.GPIO_PinRemapConfig), (88 bytes).
    Removing stm32f10x_gpio.o(i.GPIO_ReadInputData), (6 bytes).
    Removing stm32f10x_gpio.o(i.GPIO_ReadInputDataBit), (14 bytes).
    Removing stm32f10x_gpio.o(i.GPIO_ReadOutputData), (6 bytes).
    Removing stm32f10x_gpio.o(i.GPIO_ReadOutputDataBit), (14 bytes).
    Removing stm32f10x_gpio.o(i.GPIO_StructInit), (16 bytes).
    Removing stm32f10x_gpio.o(i.GPIO_Write), (4 bytes).
    Removing stm32f10x_gpio.o(i.GPIO_WriteBit), (10 bytes).
    Removing stm32f10x_spi.o(i.I2S_Cmd), (20 bytes).
    Removing stm32f10x_spi.o(i.I2S_Init), (152 bytes).
    Removing stm32f10x_spi.o(i.I2S_StructInit), (18 bytes).
    Removing stm32f10x_spi.o(i.SPI_BiDirectionalLineConfig), (22 bytes).
    Removing stm32f10x_spi.o(i.SPI_CalculateCRC), (20 bytes).
    Removing stm32f10x_spi.o(i.SPI_DataSizeConfig), (16 bytes).
    Removing stm32f10x_spi.o(i.SPI_GetCRC), (12 bytes).
    Removing stm32f10x_spi.o(i.SPI_GetCRCPolynomial), (4 bytes).
    Removing stm32f10x_spi.o(i.SPI_I2S_ClearFlag), (6 bytes).
    Removing stm32f10x_spi.o(i.SPI_I2S_ClearITPendingBit), (14 bytes).
    Removing stm32f10x_spi.o(i.SPI_I2S_DMACmd), (16 bytes).
    Removing stm32f10x_spi.o(i.SPI_I2S_DeInit), (84 bytes).
    Removing stm32f10x_spi.o(i.SPI_I2S_GetFlagStatus), (14 bytes).
    Removing stm32f10x_spi.o(i.SPI_I2S_GetITStatus), (42 bytes).
    Removing stm32f10x_spi.o(i.SPI_I2S_ITConfig), (24 bytes).
    Removing stm32f10x_spi.o(i.SPI_I2S_ReceiveData), (4 bytes).
    Removing stm32f10x_spi.o(i.SPI_I2S_SendData), (4 bytes).
    Removing stm32f10x_spi.o(i.SPI_NSSInternalSoftwareConfig), (24 bytes).
    Removing stm32f10x_spi.o(i.SPI_SSOutputCmd), (20 bytes).
    Removing stm32f10x_spi.o(i.SPI_StructInit), (24 bytes).
    Removing stm32f10x_spi.o(i.SPI_TransmitCRC), (10 bytes).
    Removing stm32f10x_fsmc.o(i.FSMC_ClearFlag), (38 bytes).
    Removing stm32f10x_fsmc.o(i.FSMC_ClearITPendingBit), (44 bytes).
    Removing stm32f10x_fsmc.o(i.FSMC_GetECC), (18 bytes).
    Removing stm32f10x_fsmc.o(i.FSMC_GetFlagStatus), (40 bytes).
    Removing stm32f10x_fsmc.o(i.FSMC_GetITStatus), (48 bytes).
    Removing stm32f10x_fsmc.o(i.FSMC_ITConfig), (72 bytes).
    Removing stm32f10x_fsmc.o(i.FSMC_NANDCmd), (56 bytes).
    Removing stm32f10x_fsmc.o(i.FSMC_NANDDeInit), (40 bytes).
    Removing stm32f10x_fsmc.o(i.FSMC_NANDECCCmd), (56 bytes).
    Removing stm32f10x_fsmc.o(i.FSMC_NANDInit), (104 bytes).
    Removing stm32f10x_fsmc.o(i.FSMC_NANDStructInit), (54 bytes).
    Removing stm32f10x_fsmc.o(i.FSMC_NORSRAMCmd), (32 bytes).
    Removing stm32f10x_fsmc.o(i.FSMC_NORSRAMDeInit), (40 bytes).
    Removing stm32f10x_fsmc.o(i.FSMC_NORSRAMInit), (200 bytes).
    Removing stm32f10x_fsmc.o(i.FSMC_NORSRAMStructInit), (98 bytes).
    Removing stm32f10x_fsmc.o(i.FSMC_PCCARDCmd), (32 bytes).
    Removing stm32f10x_fsmc.o(i.FSMC_PCCARDDeInit), (26 bytes).
    Removing stm32f10x_fsmc.o(i.FSMC_PCCARDInit), (102 bytes).
    Removing stm32f10x_fsmc.o(i.FSMC_PCCARDStructInit), (60 bytes).
    Removing stm32f10x_rcc.o(i.RCC_ADCCLKConfig), (20 bytes).
    Removing stm32f10x_rcc.o(i.RCC_AHBPeriphClockCmd), (24 bytes).
    Removing stm32f10x_rcc.o(i.RCC_APB1PeriphClockCmd), (24 bytes).
    Removing stm32f10x_rcc.o(i.RCC_APB1PeriphResetCmd), (24 bytes).
    Removing stm32f10x_rcc.o(i.RCC_AdjustHSICalibrationValue), (20 bytes).
    Removing stm32f10x_rcc.o(i.RCC_BackupResetCmd), (12 bytes).
    Removing stm32f10x_rcc.o(i.RCC_ClearFlag), (16 bytes).
    Removing stm32f10x_rcc.o(i.RCC_ClearITPendingBit), (12 bytes).
    Removing stm32f10x_rcc.o(i.RCC_ClockSecuritySystemCmd), (12 bytes).
    Removing stm32f10x_rcc.o(i.RCC_DeInit), (64 bytes).
    Removing stm32f10x_rcc.o(i.RCC_GetFlagStatus), (48 bytes).
    Removing stm32f10x_rcc.o(i.RCC_GetITStatus), (20 bytes).
    Removing stm32f10x_rcc.o(i.RCC_GetSYSCLKSource), (16 bytes).
    Removing stm32f10x_rcc.o(i.RCC_HCLKConfig), (20 bytes).
    Removing stm32f10x_rcc.o(i.RCC_HSEConfig), (52 bytes).
    Removing stm32f10x_rcc.o(i.RCC_HSICmd), (12 bytes).
    Removing stm32f10x_rcc.o(i.RCC_ITConfig), (24 bytes).
    Removing stm32f10x_rcc.o(i.RCC_LSEConfig), (32 bytes).
    Removing stm32f10x_rcc.o(i.RCC_LSICmd), (12 bytes).
    Removing stm32f10x_rcc.o(i.RCC_MCOConfig), (12 bytes).
    Removing stm32f10x_rcc.o(i.RCC_PCLK1Config), (20 bytes).
    Removing stm32f10x_rcc.o(i.RCC_PCLK2Config), (20 bytes).
    Removing stm32f10x_rcc.o(i.RCC_PLLCmd), (12 bytes).
    Removing stm32f10x_rcc.o(i.RCC_PLLConfig), (20 bytes).
    Removing stm32f10x_rcc.o(i.RCC_RTCCLKCmd), (12 bytes).
    Removing stm32f10x_rcc.o(i.RCC_RTCCLKConfig), (16 bytes).
    Removing stm32f10x_rcc.o(i.RCC_SYSCLKConfig), (20 bytes).
    Removing stm32f10x_rcc.o(i.RCC_USBCLKConfig), (12 bytes).
    Removing stm32f10x_rcc.o(i.RCC_WaitForHSEStartUp), (44 bytes).
    Removing stm32f10x_tim.o(i.TI1_Config), (108 bytes).
    Removing stm32f10x_tim.o(i.TI2_Config), (124 bytes).
    Removing stm32f10x_tim.o(i.TIM_ARRPreloadConfig), (20 bytes).
    Removing stm32f10x_tim.o(i.TIM_BDTRConfig), (34 bytes).
    Removing stm32f10x_tim.o(i.TIM_BDTRStructInit), (18 bytes).
    Removing stm32f10x_tim.o(i.TIM_CCPreloadControl), (20 bytes).
    Removing stm32f10x_tim.o(i.TIM_CCxCmd), (22 bytes).
    Removing stm32f10x_tim.o(i.TIM_CCxNCmd), (22 bytes).
    Removing stm32f10x_tim.o(i.TIM_ClearFlag), (6 bytes).
    Removing stm32f10x_tim.o(i.TIM_ClearITPendingBit), (6 bytes).
    Removing stm32f10x_tim.o(i.TIM_ClearOC1Ref), (12 bytes).
    Removing stm32f10x_tim.o(i.TIM_ClearOC2Ref), (20 bytes).
    Removing stm32f10x_tim.o(i.TIM_ClearOC3Ref), (12 bytes).
    Removing stm32f10x_tim.o(i.TIM_ClearOC4Ref), (20 bytes).
    Removing stm32f10x_tim.o(i.TIM_Cmd), (20 bytes).
    Removing stm32f10x_tim.o(i.TIM_CounterModeConfig), (12 bytes).
    Removing stm32f10x_tim.o(i.TIM_CtrlPWMOutputs), (22 bytes).
    Removing stm32f10x_tim.o(i.TIM_DMACmd), (16 bytes).
    Removing stm32f10x_tim.o(i.TIM_DMAConfig), (8 bytes).
    Removing stm32f10x_tim.o(i.TIM_DeInit), (368 bytes).
    Removing stm32f10x_tim.o(i.TIM_ETRClockMode1Config), (18 bytes).
    Removing stm32f10x_tim.o(i.TIM_ETRClockMode2Config), (18 bytes).
    Removing stm32f10x_tim.o(i.TIM_ETRConfig), (24 bytes).
    Removing stm32f10x_tim.o(i.TIM_EncoderInterfaceConfig), (50 bytes).
    Removing stm32f10x_tim.o(i.TIM_ForcedOC1Config), (12 bytes).
    Removing stm32f10x_tim.o(i.TIM_ForcedOC2Config), (20 bytes).
    Removing stm32f10x_tim.o(i.TIM_ForcedOC3Config), (12 bytes).
    Removing stm32f10x_tim.o(i.TIM_ForcedOC4Config), (20 bytes).
    Removing stm32f10x_tim.o(i.TIM_GenerateEvent), (4 bytes).
    Removing stm32f10x_tim.o(i.TIM_GetCapture1), (4 bytes).
    Removing stm32f10x_tim.o(i.TIM_GetCapture2), (4 bytes).
    Removing stm32f10x_tim.o(i.TIM_GetCapture3), (4 bytes).
    Removing stm32f10x_tim.o(i.TIM_GetCapture4), (6 bytes).
    Removing stm32f10x_tim.o(i.TIM_GetCounter), (4 bytes).
    Removing stm32f10x_tim.o(i.TIM_GetFlagStatus), (14 bytes).
    Removing stm32f10x_tim.o(i.TIM_GetITStatus), (24 bytes).
    Removing stm32f10x_tim.o(i.TIM_GetPrescaler), (4 bytes).
    Removing stm32f10x_tim.o(i.TIM_ICInit), (300 bytes).
    Removing stm32f10x_tim.o(i.TIM_ICStructInit), (16 bytes).
    Removing stm32f10x_tim.o(i.TIM_ITConfig), (16 bytes).
    Removing stm32f10x_tim.o(i.TIM_ITRxExternalClockConfig), (18 bytes).
    Removing stm32f10x_tim.o(i.TIM_InternalClockConfig), (10 bytes).
    Removing stm32f10x_tim.o(i.TIM_OC1FastConfig), (12 bytes).
    Removing stm32f10x_tim.o(i.TIM_OC1Init), (128 bytes).
    Removing stm32f10x_tim.o(i.TIM_OC1NPolarityConfig), (12 bytes).
    Removing stm32f10x_tim.o(i.TIM_OC1PolarityConfig), (12 bytes).
    Removing stm32f10x_tim.o(i.TIM_OC1PreloadConfig), (12 bytes).
    Removing stm32f10x_tim.o(i.TIM_OC2FastConfig), (20 bytes).
    Removing stm32f10x_tim.o(i.TIM_OC2Init), (128 bytes).
    Removing stm32f10x_tim.o(i.TIM_OC2NPolarityConfig), (20 bytes).
    Removing stm32f10x_tim.o(i.TIM_OC2PolarityConfig), (20 bytes).
    Removing stm32f10x_tim.o(i.TIM_OC2PreloadConfig), (20 bytes).
    Removing stm32f10x_tim.o(i.TIM_OC3FastConfig), (12 bytes).
    Removing stm32f10x_tim.o(i.TIM_OC3Init), (124 bytes).
    Removing stm32f10x_tim.o(i.TIM_OC3NPolarityConfig), (20 bytes).
    Removing stm32f10x_tim.o(i.TIM_OC3PolarityConfig), (20 bytes).
    Removing stm32f10x_tim.o(i.TIM_OC3PreloadConfig), (12 bytes).
    Removing stm32f10x_tim.o(i.TIM_OC4FastConfig), (20 bytes).
    Removing stm32f10x_tim.o(i.TIM_OC4Init), (100 bytes).
    Removing stm32f10x_tim.o(i.TIM_OC4PolarityConfig), (20 bytes).
    Removing stm32f10x_tim.o(i.TIM_OC4PreloadConfig), (20 bytes).
    Removing stm32f10x_tim.o(i.TIM_OCStructInit), (20 bytes).
    Removing stm32f10x_tim.o(i.TIM_PWMIConfig), (108 bytes).
    Removing stm32f10x_tim.o(i.TIM_PrescalerConfig), (6 bytes).
    Removing stm32f10x_tim.o(i.TIM_SelectCCDMA), (20 bytes).
    Removing stm32f10x_tim.o(i.TIM_SelectCOM), (20 bytes).
    Removing stm32f10x_tim.o(i.TIM_SelectHallSensor), (20 bytes).
    Removing stm32f10x_tim.o(i.TIM_SelectInputTrigger), (12 bytes).
    Removing stm32f10x_tim.o(i.TIM_SelectMasterSlaveMode), (16 bytes).
    Removing stm32f10x_tim.o(i.TIM_SelectOCxM), (70 bytes).
    Removing stm32f10x_tim.o(i.TIM_SelectOnePulseMode), (16 bytes).
    Removing stm32f10x_tim.o(i.TIM_SelectOutputTrigger), (16 bytes).
    Removing stm32f10x_tim.o(i.TIM_SelectSlaveMode), (16 bytes).
    Removing stm32f10x_tim.o(i.TIM_SetAutoreload), (4 bytes).
    Removing stm32f10x_tim.o(i.TIM_SetClockDivision), (16 bytes).
    Removing stm32f10x_tim.o(i.TIM_SetCompare1), (4 bytes).
    Removing stm32f10x_tim.o(i.TIM_SetCompare2), (4 bytes).
    Removing stm32f10x_tim.o(i.TIM_SetCompare3), (4 bytes).
    Removing stm32f10x_tim.o(i.TIM_SetCompare4), (6 bytes).
    Removing stm32f10x_tim.o(i.TIM_SetCounter), (4 bytes).
    Removing stm32f10x_tim.o(i.TIM_SetIC1Prescaler), (16 bytes).
    Removing stm32f10x_tim.o(i.TIM_SetIC2Prescaler), (24 bytes).
    Removing stm32f10x_tim.o(i.TIM_SetIC3Prescaler), (16 bytes).
    Removing stm32f10x_tim.o(i.TIM_SetIC4Prescaler), (24 bytes).
    Removing stm32f10x_tim.o(i.TIM_TIxExternalClockConfig), (46 bytes).
    Removing stm32f10x_tim.o(i.TIM_TimeBaseInit), (156 bytes).
    Removing stm32f10x_tim.o(i.TIM_TimeBaseStructInit), (18 bytes).
    Removing stm32f10x_tim.o(i.TIM_UpdateDisableConfig), (20 bytes).
    Removing stm32f10x_tim.o(i.TIM_UpdateRequestConfig), (20 bytes).
    Removing stm32f10x_usart.o(i.USART_ClearFlag), (6 bytes).
    Removing stm32f10x_usart.o(i.USART_ClearITPendingBit), (12 bytes).
    Removing stm32f10x_usart.o(i.USART_ClockInit), (30 bytes).
    Removing stm32f10x_usart.o(i.USART_ClockStructInit), (12 bytes).
    Removing stm32f10x_usart.o(i.USART_DMACmd), (16 bytes).
    Removing stm32f10x_usart.o(i.USART_DeInit), (116 bytes).
    Removing stm32f10x_usart.o(i.USART_GetFlagStatus), (14 bytes).
    Removing stm32f10x_usart.o(i.USART_HalfDuplexCmd), (20 bytes).
    Removing stm32f10x_usart.o(i.USART_IrDACmd), (20 bytes).
    Removing stm32f10x_usart.o(i.USART_IrDAConfig), (16 bytes).
    Removing stm32f10x_usart.o(i.USART_LINBreakDetectLengthConfig), (16 bytes).
    Removing stm32f10x_usart.o(i.USART_LINCmd), (20 bytes).
    Removing stm32f10x_usart.o(i.USART_OneBitMethodCmd), (20 bytes).
    Removing stm32f10x_usart.o(i.USART_OverSampling8Cmd), (20 bytes).
    Removing stm32f10x_usart.o(i.USART_ReceiverWakeUpCmd), (20 bytes).
    Removing stm32f10x_usart.o(i.USART_SendBreak), (10 bytes).
    Removing stm32f10x_usart.o(i.USART_SendData), (8 bytes).
    Removing stm32f10x_usart.o(i.USART_SetAddress), (16 bytes).
    Removing stm32f10x_usart.o(i.USART_SetGuardTime), (16 bytes).
    Removing stm32f10x_usart.o(i.USART_SetPrescaler), (16 bytes).
    Removing stm32f10x_usart.o(i.USART_SmartCardCmd), (20 bytes).
    Removing stm32f10x_usart.o(i.USART_SmartCardNACKCmd), (20 bytes).
    Removing stm32f10x_usart.o(i.USART_StructInit), (22 bytes).
    Removing stm32f10x_usart.o(i.USART_WakeUpConfig), (16 bytes).
    Removing misc.o(i.NVIC_SetVectorTable), (20 bytes).
    Removing misc.o(i.NVIC_SystemLPConfig), (24 bytes).
    Removing sys.o(.emb_text), (6 bytes).
    Removing sys.o(i.INTX_DISABLE), (4 bytes).
    Removing sys.o(i.INTX_ENABLE), (4 bytes).
    Removing sys.o(i.WFI_SET), (4 bytes).
    Removing usart.o(i._sys_exit), (2 bytes).
    Removing usart.o(i.fputc), (24 bytes).
    Removing usart.o(.data), (4 bytes).
    Removing key.o(i.KEY_Scan), (204 bytes).
    Removing key.o(.data), (1 bytes).
    Removing oled.o(i.OLED_ClearPoint), (32 bytes).
    Removing oled.o(i.OLED_DisPlay_Off), (30 bytes).
    Removing oled.o(i.OLED_DisPlay_On), (30 bytes).
    Removing oled.o(i.OLED_DrawCircle), (180 bytes).
    Removing oled.o(i.OLED_DrawLine), (142 bytes).
    Removing oled.o(i.OLED_DrawPoint), (28 bytes).
    Removing oled.o(i.OLED_Pow), (16 bytes).
    Removing oled.o(i.OLED_ScrollDisplay), (144 bytes).
    Removing oled.o(i.OLED_ShowChar), (168 bytes).
    Removing oled.o(i.OLED_ShowChinese), (216 bytes).
    Removing oled.o(i.OLED_ShowNum), (94 bytes).
    Removing oled.o(i.OLED_ShowPicture), (64 bytes).
    Removing oled.o(i.OLED_ShowString), (64 bytes).
    Removing oled.o(i.OLED_WR_BP), (40 bytes).
    Removing oled.o(.constdata), (6080 bytes).
    Removing oled.o(.data), (5176 bytes).
    Removing m8266hostif_stm32xx.o(i.M8266HostIf_SPI_ReadWriteByte), (52 bytes).
    Removing m8266wifi_ops.o(i.M8266WIFI_Config_Connection_via_SPI), (28 bytes).
    Removing m8266wifi_ops.o(i.M8266WIFI_Sleep_Module), (20 bytes).
    Removing m8266wifi_ops.o(i.M8266WIFI_Sleep_module_for_some_time_and_then_wakeup_automatically), (46 bytes).
    Removing m8266wifi_ops.o(i.M8266WIFI_Wakeup_Module), (4 bytes).
    Removing test_m8266wifi.o(.bss), (993 bytes).
    Removing test_m8266wifi.o(.bss), (76800 bytes).
    Removing main.o(.data), (1024 bytes).
    Removing main.o(.data), (1024 bytes).
    Removing system_stm32f10x.o(i.SystemCoreClockUpdate), (100 bytes).
    Removing M8266WIFIDrv_STM32F1xx.o(.data), (0 bytes).
    Removing M8266WIFIDrv_STM32F1xx.o(.bss), (0 bytes).
    Removing M8266WIFIDrv_STM32F1xx.o(.text.7), (184 bytes).
    Removing M8266WIFIDrv_STM32F1xx.o(.text.18), (256 bytes).
    Removing M8266WIFIDrv_STM32F1xx.o(.text.11), (188 bytes).
    Removing M8266WIFIDrv_STM32F1xx.o(.text.14), (252 bytes).
    Removing M8266WIFIDrv_STM32F1xx.o(.text.17), (176 bytes).
    Removing M8266WIFIDrv_STM32F1xx.o(.text.19), (100 bytes).
    Removing M8266WIFIDrv_STM32F1xx.o(.text.16), (236 bytes).
    Removing M8266WIFIDrv_STM32F1xx.o(.text.M8266WIFI_SPI_RecvData_ex), (4 bytes).
    Removing M8266WIFIDrv_STM32F1xx.o(.text.M8266WIFI_SPI_STA_Fetch_Last_Scanned_Signals), (308 bytes).
    Removing M8266WIFIDrv_STM32F1xx.o(.text.M8266WIFI_SPI_STA_Scan_Signals), (336 bytes).
    Removing M8266WIFIDrv_STM32F1xx.o(.text.M8266WIFI_SPI_Config_STA_StaticIpAddr), (164 bytes).
    Removing M8266WIFIDrv_STM32F1xx.o(.text.M8266WIFI_SPI_Enable_STA_Dhcpc), (56 bytes).
    Removing M8266WIFIDrv_STM32F1xx.o(.text.M8266WIFI_SPI_Query_AP_Param), (22 bytes).
    Removing M8266WIFIDrv_STM32F1xx.o(.text.M8266WIFI_SPI_Op_Multicuast_Group), (228 bytes).
    Removing M8266WIFIDrv_STM32F1xx.o(.text.M8266WIFI_SPI_Config_AP_Param), (24 bytes).
    Removing M8266WIFIDrv_STM32F1xx.o(.text.M8266WIFI_SPI_Config_AP), (212 bytes).
    Removing M8266WIFIDrv_STM32F1xx.o(.text.M8266WIFI_SPI_AP_List_STAs_Info), (304 bytes).
    Removing M8266WIFIDrv_STM32F1xx.o(.text.M8266WIFI_SPI_AP_Permit_Block_A_STA), (200 bytes).
    Removing M8266WIFIDrv_STM32F1xx.o(.text.M8266WIFI_SPI_AP_Config_PermitBlock_List), (224 bytes).
    Removing M8266WIFIDrv_STM32F1xx.o(.text.M8266WIFI_SPI_AP_Query_PermitBlock_List), (276 bytes).
    Removing M8266WIFIDrv_STM32F1xx.o(.text.M8266WIFI_SPI_Query_STA_Param), (200 bytes).
    Removing M8266WIFIDrv_STM32F1xx.o(.text.M8266WIFI_SPI_Query_STA_Dhcpc), (52 bytes).
    Removing M8266WIFIDrv_STM32F1xx.o(.text.M8266WIFI_SPI_DoModuleSmartConfig), (428 bytes).
    Removing M8266WIFIDrv_STM32F1xx.o(.text.M8266WIFI_SPI_StartWpsConfig), (76 bytes).
    Removing M8266WIFIDrv_STM32F1xx.o(.text.M8266WIFI_SPI_Disconnect_Connection), (48 bytes).
    Removing M8266WIFIDrv_STM32F1xx.o(.text.M8266WIFI_SPI_Disconnect_TcpClient), (60 bytes).
    Removing M8266WIFIDrv_STM32F1xx.o(.text.M8266WIFI_SPI_List_Clients_On_A_TCP_Server), (184 bytes).
    Removing M8266WIFIDrv_STM32F1xx.o(.text.M8266WIFI_SPI_Set_TcpServer_Auto_Discon_Timeout), (122 bytes).
    Removing M8266WIFIDrv_STM32F1xx.o(.text.M8266WIFI_SPI_Config_Tcp_Option), (24 bytes).
    Removing M8266WIFIDrv_STM32F1xx.o(.text.M8266WIFI_SPI_Query_Max_Clients_Allowed_To_A_Tcp_Server), (68 bytes).
    Removing M8266WIFIDrv_STM32F1xx.o(.text.M8266WIFI_SPI_Config_Max_Clients_Allowed_To_A_Tcp_Server), (56 bytes).
    Removing M8266WIFIDrv_STM32F1xx.o(.text.M8266WIFI_SPI_Query_Tcp_KeepAlive), (54 bytes).
    Removing M8266WIFIDrv_STM32F1xx.o(.text.M8266WIFI_SPI_Enbale_Tcp_KeepAlive), (34 bytes).
    Removing M8266WIFIDrv_STM32F1xx.o(.text.M8266WIFI_SPI_Query_Last_Tcp_Disconnect_Cause), (26 bytes).
    Removing M8266WIFIDrv_STM32F1xx.o(.text.M8266WIFI_SPI_Query_Tcp_Send_Retry_Max), (26 bytes).
    Removing M8266WIFIDrv_STM32F1xx.o(.text.M8266WIFI_SPI_Query_Tcp_Mss), (114 bytes).
    Removing M8266WIFIDrv_STM32F1xx.o(.text.M8266WIFI_SPI_Query_Tcp_Window_num), (26 bytes).
    Removing M8266WIFIDrv_STM32F1xx.o(.text.M8266WIFI_SPI_Send_BlockData), (320 bytes).
    Removing M8266WIFIDrv_STM32F1xx.o(.text.M8266WIFI_SPI_Config_Tcp_Retran_Max), (24 bytes).
    Removing M8266WIFIDrv_STM32F1xx.o(.text.M8266WIFI_SPI_Query_Buff_Data_Invalid_Time_After_Disconnect), (26 bytes).
    Removing M8266WIFIDrv_STM32F1xx.o(.text.M8266WIFI_SPI_Config_Buff_Data_Invalid_Time_After_Disconnect), (24 bytes).
    Removing M8266WIFIDrv_STM32F1xx.o(.text.M8266WIFI_SPI_Get_STA_Hostname), (156 bytes).
    Removing M8266WIFIDrv_STM32F1xx.o(.text.M8266WIFI_SPI_Set_STA_Hostname), (240 bytes).
    Removing M8266WIFIDrv_STM32F1xx.o(.text.M8266WIFI_SPI_Set_Tx_Max_Power), (92 bytes).
    Removing M8266WIFIDrv_STM32F1xx.o(.text.M8266WIFI_SPI_Sleep_Module), (120 bytes).
    Removing M8266WIFIDrv_STM32F1xx.o(.text.M8266WIFI_SPI_Query_Module_Gpio_Mode), (136 bytes).
    Removing M8266WIFIDrv_STM32F1xx.o(.text.M8266WIFI_SPI_Config_Module_Gpio_Mode), (136 bytes).
    Removing M8266WIFIDrv_STM32F1xx.o(.text.M8266WIFI_SPI_Read_Module_Gpio), (140 bytes).
    Removing M8266WIFIDrv_STM32F1xx.o(.text.M8266WIFI_SPI_Write_Module_Gpio), (152 bytes).
    Removing M8266WIFIDrv_STM32F1xx.o(.text.M8266WIFI_SPI_Read_Module_Adc), (132 bytes).
    Removing M8266WIFIDrv_STM32F1xx.o(.text.M8266WIFI_SPI_Read_On_Module_Flash), (208 bytes).
    Removing M8266WIFIDrv_STM32F1xx.o(.text.M8266WIFI_SPI_Write_On_Module_Flash), (240 bytes).
    Removing M8266WIFIDrv_STM32F1xx.o(.text.M8266WIFI_SPI_Store_SSL_Certificates), (196 bytes).
    Removing M8266WIFIDrv_STM32F1xx.o(.text.M8266WIFI_SPI_Query_Freq_Offset), (8 bytes).
    Removing M8266WIFIDrv_STM32F1xx.o(.text.M8266WIFI_SPI_Update_Freq_Offset), (24 bytes).
    Removing M8266WIFIDrv_STM32F1xx.o(.text.M8266WIFI_SPI_Restore_Module_to_Default), (96 bytes).
    Removing M8266WIFIDrv_STM32F1xx.o(.text.M8266WIFI_SPI_Reset_Module), (128 bytes).
    Removing M8266WIFIDrv_STM32F1xx.o(.text.M8266WIFI_SPI_Set_WebServer), (18 bytes).
    Removing M8266WIFIDrv_STM32F1xx.o(.text.M8266WIFI_SPI_Query_Web_Server_Info), (204 bytes).
    Removing M8266WIFIDrv_STM32F1xx.o(.text.M8266WIFI_SPI_Set_WebServer_OpRightCode), (112 bytes).
    Removing M8266WIFIDrv_STM32F1xx.o(.text.M8266WIFI_SPI_Enable_Web_Advertise), (8 bytes).
    Removing M8266WIFIDrv_STM32F1xx.o(.text.M8266WIFI_SPI_Set_Web_Advertise), (4 bytes).
    Removing M8266WIFIDrv_STM32F1xx.o(.text.M8266WIFI_SPI_Enable_Wap_Style), (112 bytes).
    Removing M8266WIFIDrv_STM32F1xx.o(.text.M8266WIFI_SPI_Query_Wap_Style), (108 bytes).
    Removing M8266WIFIDrv_STM32F1xx.o(.text.M8266WIFI_SPI_Set_Web_CLogo), (168 bytes).
    Removing M8266WIFIDrv_STM32F1xx.o(.text.M8266WIFI_SPI_StartDns), (116 bytes).
    Removing M8266WIFIDrv_STM32F1xx.o(.text.M8266WIFI_SPI_QueryDns), (116 bytes).
    Removing M8266WIFIDrv_STM32F1xx.o(.text.M8266WIFI_SPI_Module_OTA_UserImg_Query), (92 bytes).
    Removing M8266WIFIDrv_STM32F1xx.o(.text.M8266WIFI_SPI_Module_OTA_UserImg_Select), (124 bytes).
    Removing M8266WIFIDrv_STM32F1xx.o(.text.M8266WIFI_SPI_Module_OTA_Start_Ota), (140 bytes).
    Removing M8266WIFIDrv_STM32F1xx.o(.text.M8266WIFI_SPI_Module_OTA), (304 bytes).
    Removing M8266WIFIDrv_STM32F1xx.o(.text.M8266WIFI_SPI_Get_Driver_Info), (40 bytes).
    Removing M8266WIFIDrv_STM32F1xx.o(.data.gngptns.5025), (1 bytes).
    Removing M8266WIFIDrv_STM32F1xx.o(.data.gngwtn.5023), (1 bytes).
    Removing M8266WIFIDrv_STM32F1xx.o(.data.wtnbsm.5024), (1 bytes).
    Removing M8266WIFIDrv_STM32F1xx.o(.data.wtpstc.5026), (2 bytes).

322 unused section(s) (total 109585 bytes) removed from the image.

==============================================================================

Image Symbol Table

    Local Symbols

    Symbol Name                              Value     Ov Type        Size  Object(Section)

    ../clib/microlib/init/entry.s            0x00000000   Number         0  entry10a.o ABSOLUTE
    ../clib/microlib/init/entry.s            0x00000000   Number         0  entry9b.o ABSOLUTE
    ../clib/microlib/init/entry.s            0x00000000   Number         0  entry7b.o ABSOLUTE
    ../clib/microlib/init/entry.s            0x00000000   Number         0  entry.o ABSOLUTE
    ../clib/microlib/init/entry.s            0x00000000   Number         0  entry7a.o ABSOLUTE
    ../clib/microlib/init/entry.s            0x00000000   Number         0  entry5.o ABSOLUTE
    ../clib/microlib/init/entry.s            0x00000000   Number         0  entry9a.o ABSOLUTE
    ../clib/microlib/init/entry.s            0x00000000   Number         0  entry11b.o ABSOLUTE
    ../clib/microlib/init/entry.s            0x00000000   Number         0  entry11a.o ABSOLUTE
    ../clib/microlib/init/entry.s            0x00000000   Number         0  entry10b.o ABSOLUTE
    ../clib/microlib/init/entry.s            0x00000000   Number         0  entry8b.o ABSOLUTE
    ../clib/microlib/init/entry.s            0x00000000   Number         0  entry8a.o ABSOLUTE
    ../clib/microlib/init/entry.s            0x00000000   Number         0  entry2.o ABSOLUTE
    ../clib/microlib/string/memset.c         0x00000000   Number         0  memset.o ABSOLUTE
    ../clib/microlib/string/memset.c         0x00000000   Number         0  memseta.o ABSOLUTE
    ../clib/microlib/string/strcmp.c         0x00000000   Number         0  strcmp.o ABSOLUTE
    ../clib/microlib/stubs.s                 0x00000000   Number         0  useno.o ABSOLUTE
    ..\CORE\core_cm3.c                       0x00000000   Number         0  core_cm3.o ABSOLUTE
    ..\CORE\startup_stm32f10x_hd.s           0x00000000   Number         0  startup_stm32f10x_hd.o ABSOLUTE
    ..\FWLIB\src\misc.c                      0x00000000   Number         0  misc.o ABSOLUTE
    ..\FWLIB\src\stm32f10x_exti.c            0x00000000   Number         0  stm32f10x_exti.o ABSOLUTE
    ..\FWLIB\src\stm32f10x_fsmc.c            0x00000000   Number         0  stm32f10x_fsmc.o ABSOLUTE
    ..\FWLIB\src\stm32f10x_gpio.c            0x00000000   Number         0  stm32f10x_gpio.o ABSOLUTE
    ..\FWLIB\src\stm32f10x_rcc.c             0x00000000   Number         0  stm32f10x_rcc.o ABSOLUTE
    ..\FWLIB\src\stm32f10x_spi.c             0x00000000   Number         0  stm32f10x_spi.o ABSOLUTE
    ..\FWLIB\src\stm32f10x_tim.c             0x00000000   Number         0  stm32f10x_tim.o ABSOLUTE
    ..\FWLIB\src\stm32f10x_usart.c           0x00000000   Number         0  stm32f10x_usart.o ABSOLUTE
    ..\HARDWARE\KEY\key.c                    0x00000000   Number         0  key.o ABSOLUTE
    ..\HARDWARE\LED\led.c                    0x00000000   Number         0  led.o ABSOLUTE
    ..\HARDWARE\OLED\oled.c                  0x00000000   Number         0  oled.o ABSOLUTE
    ..\M8266WIFI\M8266HostIf_STM32xx.c       0x00000000   Number         0  m8266hostif_stm32xx.o ABSOLUTE
    ..\M8266WIFI\M8266WIFI_Ops.c             0x00000000   Number         0  m8266wifi_ops.o ABSOLUTE
    ..\M8266WIFI\test_m8266wifi.c            0x00000000   Number         0  test_m8266wifi.o ABSOLUTE
    ..\SYSTEM\delay\delay.c                  0x00000000   Number         0  delay.o ABSOLUTE
    ..\SYSTEM\sys\sys.c                      0x00000000   Number         0  sys.o ABSOLUTE
    ..\SYSTEM\usart\usart.c                  0x00000000   Number         0  usart.o ABSOLUTE
    ..\\CORE\\core_cm3.c                     0x00000000   Number         0  core_cm3.o ABSOLUTE
    ..\\SYSTEM\\sys\\sys.c                   0x00000000   Number         0  sys.o ABSOLUTE
    M8266WIFIDrv.c                           0x00000000   Number         0  M8266WIFIDrv_STM32F1xx.o ABSOLUTE
    dc.s                                     0x00000000   Number         0  dc.o ABSOLUTE
    handlers.s                               0x00000000   Number         0  handlers.o ABSOLUTE
    init.s                                   0x00000000   Number         0  init.o ABSOLUTE
    main.c                                   0x00000000   Number         0  main.o ABSOLUTE
    stm32f10x_it.c                           0x00000000   Number         0  stm32f10x_it.o ABSOLUTE
    system_stm32f10x.c                       0x00000000   Number         0  system_stm32f10x.o ABSOLUTE
    RESET                                    0x08000000   Section      304  startup_stm32f10x_hd.o(RESET)
    .ARM.Collect$$$$00000000                 0x08000130   Section        0  entry.o(.ARM.Collect$$$$00000000)
    .ARM.Collect$$$$00000001                 0x08000130   Section        4  entry2.o(.ARM.Collect$$$$00000001)
    .ARM.Collect$$$$00000004                 0x08000134   Section        4  entry5.o(.ARM.Collect$$$$00000004)
    .ARM.Collect$$$$00000008                 0x08000138   Section        0  entry7b.o(.ARM.Collect$$$$00000008)
    .ARM.Collect$$$$0000000A                 0x08000138   Section        0  entry8b.o(.ARM.Collect$$$$0000000A)
    .ARM.Collect$$$$0000000B                 0x08000138   Section        8  entry9a.o(.ARM.Collect$$$$0000000B)
    .ARM.Collect$$$$0000000D                 0x08000140   Section        0  entry10a.o(.ARM.Collect$$$$0000000D)
    .ARM.Collect$$$$0000000F                 0x08000140   Section        0  entry11a.o(.ARM.Collect$$$$0000000F)
    .ARM.Collect$$$$00002712                 0x08000140   Section        4  entry2.o(.ARM.Collect$$$$00002712)
    __lit__00000000                          0x08000140   Data           4  entry2.o(.ARM.Collect$$$$00002712)
    .text                                    0x08000144   Section       36  startup_stm32f10x_hd.o(.text)
    [Anonymous Symbol]                       0x08000168   Section        0  M8266WIFIDrv_STM32F1xx.o(.text)
    M8266WIFI_SPI_hfdnoqg                    0x08000169   Thumb Code    60  M8266WIFIDrv_STM32F1xx.o(.text)
    M8266WIFI_SPI_yrshvmlp                   0x080001a5   Thumb Code   100  M8266WIFIDrv_STM32F1xx.o(.text)
    M8266WIFI_SPI_ffwsbza                    0x08000209   Thumb Code    32  M8266WIFIDrv_STM32F1xx.o(.text)
    M8266WIFI_SPI_hjdxctmm                   0x08000229   Thumb Code    32  M8266WIFIDrv_STM32F1xx.o(.text)
    M8266WIFI_SPI_gbcwzsr                    0x08000249   Thumb Code    88  M8266WIFIDrv_STM32F1xx.o(.text)
    M8266WIFI_SPI_szbcxst                    0x080002a1   Thumb Code   112  M8266WIFIDrv_STM32F1xx.o(.text)
    M8266WIFI_SPI_ssu                        0x08000311   Thumb Code   112  M8266WIFIDrv_STM32F1xx.o(.text)
    M8266WIFI_SPI_ssut                       0x08000311   Thumb Code   112  M8266WIFIDrv_STM32F1xx.o(.text)
    M8266WIFI_SPI_wscbf                      0x08000381   Thumb Code    60  M8266WIFIDrv_STM32F1xx.o(.text)
    M8266WIFI_SPI_twsfad                     0x080003bd   Thumb Code    56  M8266WIFIDrv_STM32F1xx.o(.text)
    M8266WIFI_SPI_pirouaw.part.3             0x080003f5   Thumb Code    62  M8266WIFIDrv_STM32F1xx.o(.text)
    M8266WIFI_SPI_sdrsta.constprop.24        0x08000433   Thumb Code     6  M8266WIFIDrv_STM32F1xx.o(.text)
    fvcp.constprop.25                        0x08000439   Thumb Code    80  M8266WIFIDrv_STM32F1xx.o(.text)
    fvdnstap                                 0x08000489   Thumb Code    34  M8266WIFIDrv_STM32F1xx.o(.text)
    M8266WIFI_SPI_skbldxsj                   0x080004ab   Thumb Code   366  M8266WIFIDrv_STM32F1xx.o(.text)
    M8266WIFI_SPI_ssmd                       0x08000619   Thumb Code   156  M8266WIFIDrv_STM32F1xx.o(.text)
    .text                                    0x08000804   Section        0  memseta.o(.text)
    .text                                    0x08000828   Section        0  strcmp.o(.text)
    .text                                    0x08000844   Section       36  init.o(.text)
    [Anonymous Symbol]                       0x08000868   Section        0  M8266WIFIDrv_STM32F1xx.o(.text.1)
    M8266WIFI_SPI_sdfal                      0x08000869   Thumb Code   728  M8266WIFIDrv_STM32F1xx.o(.text.1)
    [Anonymous Symbol]                       0x08000b40   Section        0  M8266WIFIDrv_STM32F1xx.o(.text.12)
    M8266WIFI_SPI_qacal                      0x08000b41   Thumb Code   238  M8266WIFIDrv_STM32F1xx.o(.text.12)
    [Anonymous Symbol]                       0x08000c2e   Section        0  M8266WIFIDrv_STM32F1xx.o(.text.13)
    M8266WIFI_SPI_dlodc                      0x08000c2f   Thumb Code   338  M8266WIFIDrv_STM32F1xx.o(.text.13)
    [Anonymous Symbol]                       0x08000d80   Section        0  M8266WIFIDrv_STM32F1xx.o(.text.15)
    M8266WIFI_SPI_ctpsp                      0x08000d81   Thumb Code   200  M8266WIFIDrv_STM32F1xx.o(.text.15)
    [Anonymous Symbol]                       0x08000e48   Section        0  M8266WIFIDrv_STM32F1xx.o(.text.4)
    M8266WIFI_SPI_xhjrlbedv.isra.11.constprop.21 0x08000e49   Thumb Code   616  M8266WIFIDrv_STM32F1xx.o(.text.4)
    [Anonymous Symbol]                       0x080010b0   Section        0  M8266WIFIDrv_STM32F1xx.o(.text.5)
    M8266WIFI_SPI_capstp                     0x080010b1   Thumb Code   244  M8266WIFIDrv_STM32F1xx.o(.text.5)
    [Anonymous Symbol]                       0x080011a4   Section        0  M8266WIFIDrv_STM32F1xx.o(.text.9)
    M8266WIFI_SPI_sptdt                      0x080011a5   Thumb Code   250  M8266WIFIDrv_STM32F1xx.o(.text.9)
    [Anonymous Symbol]                       0x080012a0   Section        0  M8266WIFIDrv_STM32F1xx.o(.text.M8266HostIf_SPI_Select)
    [Anonymous Symbol]                       0x08001368   Section        0  M8266WIFIDrv_STM32F1xx.o(.text.M8266WIFI_SPI_Config_STA_Param)
    [Anonymous Symbol]                       0x08001380   Section        0  M8266WIFIDrv_STM32F1xx.o(.text.M8266WIFI_SPI_Config_Tcp_Window_num)
    [Anonymous Symbol]                       0x08001398   Section        0  M8266WIFIDrv_STM32F1xx.o(.text.M8266WIFI_SPI_Delete_Connection)
    [Anonymous Symbol]                       0x080013ae   Section        0  M8266WIFIDrv_STM32F1xx.o(.text.M8266WIFI_SPI_Get_Module_Info)
    [Anonymous Symbol]                       0x0800144c   Section        0  M8266WIFIDrv_STM32F1xx.o(.text.M8266WIFI_SPI_Get_Opmode)
    [Anonymous Symbol]                       0x08001494   Section        0  M8266WIFIDrv_STM32F1xx.o(.text.M8266WIFI_SPI_Get_STA_Connection_Status)
    [Anonymous Symbol]                       0x080014ec   Section        0  M8266WIFIDrv_STM32F1xx.o(.text.M8266WIFI_SPI_Get_STA_IP_Addr)
    [Anonymous Symbol]                       0x0800155a   Section        0  M8266WIFIDrv_STM32F1xx.o(.text.M8266WIFI_SPI_Has_DataReceived)
    [Anonymous Symbol]                       0x0800156c   Section        0  M8266WIFIDrv_STM32F1xx.o(.text.M8266WIFI_SPI_Interface_Communication_OK)
    [Anonymous Symbol]                       0x080015b0   Section        0  M8266WIFIDrv_STM32F1xx.o(.text.M8266WIFI_SPI_Query_Connection)
    [Anonymous Symbol]                       0x08001688   Section        0  M8266WIFIDrv_STM32F1xx.o(.text.M8266WIFI_SPI_RecvData)
    [Anonymous Symbol]                       0x0800169c   Section        0  M8266WIFIDrv_STM32F1xx.o(.text.M8266WIFI_SPI_STA_Connect_Ap)
    [Anonymous Symbol]                       0x080019dc   Section        0  M8266WIFIDrv_STM32F1xx.o(.text.M8266WIFI_SPI_STA_DisConnect_Ap)
    [Anonymous Symbol]                       0x08001a54   Section        0  M8266WIFIDrv_STM32F1xx.o(.text.M8266WIFI_SPI_STA_Get_HostIP_by_HostName)
    [Anonymous Symbol]                       0x08001cf0   Section        0  M8266WIFIDrv_STM32F1xx.o(.text.M8266WIFI_SPI_STA_Query_Current_SSID_And_RSSI)
    [Anonymous Symbol]                       0x08001d76   Section        0  M8266WIFIDrv_STM32F1xx.o(.text.M8266WIFI_SPI_Set_Opmode)
    [Anonymous Symbol]                       0x08001dec   Section        0  M8266WIFIDrv_STM32F1xx.o(.text.M8266WIFI_SPI_Setup_Connection)
    i.BusFault_Handler                       0x0800200c   Section        0  stm32f10x_it.o(i.BusFault_Handler)
    i.DebugMon_Handler                       0x0800200e   Section        0  stm32f10x_it.o(i.DebugMon_Handler)
    i.GPIO_Init                              0x08002010   Section        0  stm32f10x_gpio.o(i.GPIO_Init)
    i.GPIO_ResetBits                         0x080020b2   Section        0  stm32f10x_gpio.o(i.GPIO_ResetBits)
    i.GPIO_SetBits                           0x080020b6   Section        0  stm32f10x_gpio.o(i.GPIO_SetBits)
    i.HardFault_Handler                      0x080020ba   Section        0  stm32f10x_it.o(i.HardFault_Handler)
    i.KEY_Init                               0x080020bc   Section        0  key.o(i.KEY_Init)
    i.LED_Init                               0x080020f8   Section        0  led.o(i.LED_Init)
    i.LED_set                                0x08002148   Section        0  led.o(i.LED_set)
    i.M8266HostIf_GPIO_CS_RESET_Init         0x08002168   Section        0  m8266hostif_stm32xx.o(i.M8266HostIf_GPIO_CS_RESET_Init)
    i.M8266HostIf_Init                       0x080021b8   Section        0  m8266hostif_stm32xx.o(i.M8266HostIf_Init)
    i.M8266HostIf_SPI_Init                   0x080021c8   Section        0  m8266hostif_stm32xx.o(i.M8266HostIf_SPI_Init)
    i.M8266HostIf_SPI_SetSpeed               0x08002254   Section        0  m8266hostif_stm32xx.o(i.M8266HostIf_SPI_SetSpeed)
    i.M8266HostIf_Set_SPI_nCS_Pin            0x08002270   Section        0  m8266hostif_stm32xx.o(i.M8266HostIf_Set_SPI_nCS_Pin)
    i.M8266HostIf_Set_nRESET_Pin             0x08002284   Section        0  m8266hostif_stm32xx.o(i.M8266HostIf_Set_nRESET_Pin)
    i.M8266HostIf_delay_us                   0x08002298   Section        0  m8266hostif_stm32xx.o(i.M8266HostIf_delay_us)
    i.M8266WIFI_Module_Hardware_Reset        0x0800229c   Section        0  m8266wifi_ops.o(i.M8266WIFI_Module_Hardware_Reset)
    i.M8266WIFI_Module_Init_Via_SPI          0x080022d8   Section        0  m8266wifi_ops.o(i.M8266WIFI_Module_Init_Via_SPI)
    i.M8266WIFI_Module_delay_ms              0x08002454   Section        0  m8266wifi_ops.o(i.M8266WIFI_Module_delay_ms)
    i.M8266WIFI_SPI_wait_sta_connecting_to_ap_and_get_ip 0x08002478   Section        0  m8266wifi_ops.o(i.M8266WIFI_SPI_wait_sta_connecting_to_ap_and_get_ip)
    i.M8266WIFI_Test                         0x080024c4   Section        0  test_m8266wifi.o(i.M8266WIFI_Test)
    i.MemManage_Handler                      0x080026d8   Section        0  stm32f10x_it.o(i.MemManage_Handler)
    i.NMI_Handler                            0x080026da   Section        0  stm32f10x_it.o(i.NMI_Handler)
    i.NVIC_Init                              0x080026dc   Section        0  misc.o(i.NVIC_Init)
    i.NVIC_PriorityGroupConfig               0x08002740   Section        0  misc.o(i.NVIC_PriorityGroupConfig)
    i.OLED_Clear                             0x08002754   Section        0  oled.o(i.OLED_Clear)
    i.OLED_ColorTurn                         0x08002780   Section        0  oled.o(i.OLED_ColorTurn)
    i.OLED_DisplayTurn                       0x08002798   Section        0  oled.o(i.OLED_DisplayTurn)
    i.OLED_Init                              0x080027c4   Section        0  oled.o(i.OLED_Init)
    i.OLED_Refresh                           0x08002944   Section        0  oled.o(i.OLED_Refresh)
    i.OLED_Set_Pos                           0x08002990   Section        0  oled.o(i.OLED_Set_Pos)
    i.OLED_WR_Byte                           0x080029bc   Section        0  oled.o(i.OLED_WR_Byte)
    i.PendSV_Handler                         0x08002a3c   Section        0  stm32f10x_it.o(i.PendSV_Handler)
    i.RCC_APB2PeriphClockCmd                 0x08002a40   Section        0  stm32f10x_rcc.o(i.RCC_APB2PeriphClockCmd)
    i.RCC_APB2PeriphResetCmd                 0x08002a58   Section        0  stm32f10x_rcc.o(i.RCC_APB2PeriphResetCmd)
    i.RCC_GetClocksFreq                      0x08002a70   Section        0  stm32f10x_rcc.o(i.RCC_GetClocksFreq)
    i.SPI_Cmd                                0x08002b00   Section        0  stm32f10x_spi.o(i.SPI_Cmd)
    i.SPI_Init                               0x08002b14   Section        0  stm32f10x_spi.o(i.SPI_Init)
    i.SVC_Handler                            0x08002b4c   Section        0  stm32f10x_it.o(i.SVC_Handler)
    i.ScanScreem                             0x08002b4e   Section        0  test_m8266wifi.o(i.ScanScreem)
    i.SetSysClockTo72                        0x08002b84   Section        0  system_stm32f10x.o(i.SetSysClockTo72)
    SetSysClockTo72                          0x08002b85   Thumb Code   160  system_stm32f10x.o(i.SetSysClockTo72)
    i.SysTick_CLKSourceConfig                0x08002c2c   Section        0  misc.o(i.SysTick_CLKSourceConfig)
    i.SysTick_Handler                        0x08002c44   Section        0  stm32f10x_it.o(i.SysTick_Handler)
    i.SystemInit                             0x08002c48   Section        0  system_stm32f10x.o(i.SystemInit)
    i.USART1_IRQHandler                      0x08002c98   Section        0  usart.o(i.USART1_IRQHandler)
    i.USART_Cmd                              0x08002cfc   Section        0  stm32f10x_usart.o(i.USART_Cmd)
    i.USART_GetITStatus                      0x08002d10   Section        0  stm32f10x_usart.o(i.USART_GetITStatus)
    i.USART_ITConfig                         0x08002d4e   Section        0  stm32f10x_usart.o(i.USART_ITConfig)
    i.USART_Init                             0x08002d80   Section        0  stm32f10x_usart.o(i.USART_Init)
    i.USART_ReceiveData                      0x08002e2c   Section        0  stm32f10x_usart.o(i.USART_ReceiveData)
    i.UsageFault_Handler                     0x08002e34   Section        0  stm32f10x_it.o(i.UsageFault_Handler)
    i.__scatterload_copy                     0x08002e36   Section       14  handlers.o(i.__scatterload_copy)
    i.__scatterload_null                     0x08002e44   Section        2  handlers.o(i.__scatterload_null)
    i.__scatterload_zeroinit                 0x08002e46   Section       14  handlers.o(i.__scatterload_zeroinit)
    i.delay_init                             0x08002e54   Section        0  delay.o(i.delay_init)
    i.delay_ms                               0x08002e90   Section        0  delay.o(i.delay_ms)
    i.delay_us                               0x08002ec4   Section        0  delay.o(i.delay_us)
    i.main                                   0x08002ef8   Section        0  main.o(i.main)
    i.uart_init                              0x08002fe8   Section        0  usart.o(i.uart_init)
    [Anonymous Symbol]                       0x08003088   Section        0  M8266WIFIDrv_STM32F1xx.o(.rodata)
    [Anonymous Symbol]                       0x08003092   Section        0  M8266WIFIDrv_STM32F1xx.o(.rodata.cnrpbem)
    cnrpbem                                  0x08003092   Data          16  M8266WIFIDrv_STM32F1xx.o(.rodata.cnrpbem)
    [Anonymous Symbol]                       0x080030a2   Section        0  M8266WIFIDrv_STM32F1xx.o(.rodata.str1.1)
    [Anonymous Symbol]                       0x0800310a   Section        0  M8266WIFIDrv_STM32F1xx.o(.rodata.suwrtde)
    suwrtde                                  0x0800310a   Data           6  M8266WIFIDrv_STM32F1xx.o(.rodata.suwrtde)
    .data                                    0x20000000   Section       20  stm32f10x_rcc.o(.data)
    ADCPrescTable                            0x20000000   Data           4  stm32f10x_rcc.o(.data)
    APBAHBPrescTable                         0x20000004   Data          16  stm32f10x_rcc.o(.data)
    .data                                    0x20000014   Section        4  delay.o(.data)
    fac_us                                   0x20000014   Data           1  delay.o(.data)
    fac_ms                                   0x20000016   Data           2  delay.o(.data)
    .data                                    0x20000018   Section        2  usart.o(.data)
    .data                                    0x2000001c   Section       20  system_stm32f10x.o(.data)
    [Anonymous Symbol]                       0x20000030   Section        0  M8266WIFIDrv_STM32F1xx.o(.data.mdfwv)
    mdfwv                                    0x20000030   Data          17  M8266WIFIDrv_STM32F1xx.o(.data.mdfwv)
    .bss                                     0x20000044   Section      200  usart.o(.bss)
    .bss                                     0x2000010c   Section     1152  oled.o(.bss)
    [Anonymous Symbol]                       0x2000058c   Section        0  M8266WIFIDrv_STM32F1xx.o(.bss.M8266WIFI_INTERFACE_SPI)
    M8266WIFI_INTERFACE_SPI                  0x2000058c   Data           4  M8266WIFIDrv_STM32F1xx.o(.bss.M8266WIFI_INTERFACE_SPI)
    [Anonymous Symbol]                       0x20000590   Section        0  M8266WIFIDrv_STM32F1xx.o(.bss.saaddlpct)
    saaddlpct                                0x20000590   Data           2  M8266WIFIDrv_STM32F1xx.o(.bss.saaddlpct)
    STACK                                    0x20000598   Section     8192  startup_stm32f10x_hd.o(STACK)

    Global Symbols

    Symbol Name                              Value     Ov Type        Size  Object(Section)

    BuildAttributes$$THM_ISAv4$P$D$K$B$S$PE$A:L22UL41UL21$X:L11$S22US41US21$IEEE1$IW$USESV6$~STKCKD$USESV7$~SHL$OSPACE$IEEEX$EBA8$MICROLIB$REQ8$PRES8$EABIv2 0x00000000   Number         0  anon$$obj.o ABSOLUTE
    __ARM_use_no_argv                        0x00000000   Number         0  main.o ABSOLUTE
    __use_no_errno                           0x00000000   Number         0  useno.o ABSOLUTE
    __use_no_exception_handling              0x00000000   Number         0  useno.o ABSOLUTE
    __use_no_fp                              0x00000000   Number         0  useno.o ABSOLUTE
    __use_no_heap                            0x00000000   Number         0  useno.o ABSOLUTE
    __use_no_heap_region                     0x00000000   Number         0  useno.o ABSOLUTE
    __use_no_semihosting                     0x00000000   Number         0  useno.o ABSOLUTE
    __use_no_semihosting_swi                 0x00000000   Number         0  useno.o ABSOLUTE
    __use_no_signal_handling                 0x00000000   Number         0  useno.o ABSOLUTE
    __cpp_initialize__aeabi_                  - Undefined Weak Reference
    __cxa_finalize                            - Undefined Weak Reference
    __decompress                              - Undefined Weak Reference
    _clock_init                               - Undefined Weak Reference
    _microlib_exit                            - Undefined Weak Reference
    __Vectors_Size                           0x00000130   Number         0  startup_stm32f10x_hd.o ABSOLUTE
    __Vectors                                0x08000000   Data           4  startup_stm32f10x_hd.o(RESET)
    __Vectors_End                            0x08000130   Data           0  startup_stm32f10x_hd.o(RESET)
    __main                                   0x08000131   Thumb Code     0  entry.o(.ARM.Collect$$$$00000000)
    _main_stk                                0x08000131   Thumb Code     0  entry2.o(.ARM.Collect$$$$00000001)
    _main_scatterload                        0x08000135   Thumb Code     0  entry5.o(.ARM.Collect$$$$00000004)
    __main_after_scatterload                 0x08000139   Thumb Code     0  entry5.o(.ARM.Collect$$$$00000004)
    _main_clock                              0x08000139   Thumb Code     0  entry7b.o(.ARM.Collect$$$$00000008)
    _main_cpp_init                           0x08000139   Thumb Code     0  entry8b.o(.ARM.Collect$$$$0000000A)
    _main_init                               0x08000139   Thumb Code     0  entry9a.o(.ARM.Collect$$$$0000000B)
    __rt_final_cpp                           0x08000141   Thumb Code     0  entry10a.o(.ARM.Collect$$$$0000000D)
    __rt_final_exit                          0x08000141   Thumb Code     0  entry11a.o(.ARM.Collect$$$$0000000F)
    Reset_Handler                            0x08000145   Thumb Code     8  startup_stm32f10x_hd.o(.text)
    ADC1_2_IRQHandler                        0x0800015f   Thumb Code     0  startup_stm32f10x_hd.o(.text)
    ADC3_IRQHandler                          0x0800015f   Thumb Code     0  startup_stm32f10x_hd.o(.text)
    CAN1_RX1_IRQHandler                      0x0800015f   Thumb Code     0  startup_stm32f10x_hd.o(.text)
    CAN1_SCE_IRQHandler                      0x0800015f   Thumb Code     0  startup_stm32f10x_hd.o(.text)
    DMA1_Channel1_IRQHandler                 0x0800015f   Thumb Code     0  startup_stm32f10x_hd.o(.text)
    DMA1_Channel2_IRQHandler                 0x0800015f   Thumb Code     0  startup_stm32f10x_hd.o(.text)
    DMA1_Channel3_IRQHandler                 0x0800015f   Thumb Code     0  startup_stm32f10x_hd.o(.text)
    DMA1_Channel4_IRQHandler                 0x0800015f   Thumb Code     0  startup_stm32f10x_hd.o(.text)
    DMA1_Channel5_IRQHandler                 0x0800015f   Thumb Code     0  startup_stm32f10x_hd.o(.text)
    DMA1_Channel6_IRQHandler                 0x0800015f   Thumb Code     0  startup_stm32f10x_hd.o(.text)
    DMA1_Channel7_IRQHandler                 0x0800015f   Thumb Code     0  startup_stm32f10x_hd.o(.text)
    DMA2_Channel1_IRQHandler                 0x0800015f   Thumb Code     0  startup_stm32f10x_hd.o(.text)
    DMA2_Channel2_IRQHandler                 0x0800015f   Thumb Code     0  startup_stm32f10x_hd.o(.text)
    DMA2_Channel3_IRQHandler                 0x0800015f   Thumb Code     0  startup_stm32f10x_hd.o(.text)
    DMA2_Channel4_5_IRQHandler               0x0800015f   Thumb Code     0  startup_stm32f10x_hd.o(.text)
    EXTI0_IRQHandler                         0x0800015f   Thumb Code     0  startup_stm32f10x_hd.o(.text)
    EXTI15_10_IRQHandler                     0x0800015f   Thumb Code     0  startup_stm32f10x_hd.o(.text)
    EXTI1_IRQHandler                         0x0800015f   Thumb Code     0  startup_stm32f10x_hd.o(.text)
    EXTI2_IRQHandler                         0x0800015f   Thumb Code     0  startup_stm32f10x_hd.o(.text)
    EXTI3_IRQHandler                         0x0800015f   Thumb Code     0  startup_stm32f10x_hd.o(.text)
    EXTI4_IRQHandler                         0x0800015f   Thumb Code     0  startup_stm32f10x_hd.o(.text)
    EXTI9_5_IRQHandler                       0x0800015f   Thumb Code     0  startup_stm32f10x_hd.o(.text)
    FLASH_IRQHandler                         0x0800015f   Thumb Code     0  startup_stm32f10x_hd.o(.text)
    FSMC_IRQHandler                          0x0800015f   Thumb Code     0  startup_stm32f10x_hd.o(.text)
    I2C1_ER_IRQHandler                       0x0800015f   Thumb Code     0  startup_stm32f10x_hd.o(.text)
    I2C1_EV_IRQHandler                       0x0800015f   Thumb Code     0  startup_stm32f10x_hd.o(.text)
    I2C2_ER_IRQHandler                       0x0800015f   Thumb Code     0  startup_stm32f10x_hd.o(.text)
    I2C2_EV_IRQHandler                       0x0800015f   Thumb Code     0  startup_stm32f10x_hd.o(.text)
    PVD_IRQHandler                           0x0800015f   Thumb Code     0  startup_stm32f10x_hd.o(.text)
    RCC_IRQHandler                           0x0800015f   Thumb Code     0  startup_stm32f10x_hd.o(.text)
    RTCAlarm_IRQHandler                      0x0800015f   Thumb Code     0  startup_stm32f10x_hd.o(.text)
    RTC_IRQHandler                           0x0800015f   Thumb Code     0  startup_stm32f10x_hd.o(.text)
    SDIO_IRQHandler                          0x0800015f   Thumb Code     0  startup_stm32f10x_hd.o(.text)
    SPI1_IRQHandler                          0x0800015f   Thumb Code     0  startup_stm32f10x_hd.o(.text)
    SPI2_IRQHandler                          0x0800015f   Thumb Code     0  startup_stm32f10x_hd.o(.text)
    SPI3_IRQHandler                          0x0800015f   Thumb Code     0  startup_stm32f10x_hd.o(.text)
    TAMPER_IRQHandler                        0x0800015f   Thumb Code     0  startup_stm32f10x_hd.o(.text)
    TIM1_BRK_IRQHandler                      0x0800015f   Thumb Code     0  startup_stm32f10x_hd.o(.text)
    TIM1_CC_IRQHandler                       0x0800015f   Thumb Code     0  startup_stm32f10x_hd.o(.text)
    TIM1_TRG_COM_IRQHandler                  0x0800015f   Thumb Code     0  startup_stm32f10x_hd.o(.text)
    TIM1_UP_IRQHandler                       0x0800015f   Thumb Code     0  startup_stm32f10x_hd.o(.text)
    TIM2_IRQHandler                          0x0800015f   Thumb Code     0  startup_stm32f10x_hd.o(.text)
    TIM3_IRQHandler                          0x0800015f   Thumb Code     0  startup_stm32f10x_hd.o(.text)
    TIM4_IRQHandler                          0x0800015f   Thumb Code     0  startup_stm32f10x_hd.o(.text)
    TIM5_IRQHandler                          0x0800015f   Thumb Code     0  startup_stm32f10x_hd.o(.text)
    TIM6_IRQHandler                          0x0800015f   Thumb Code     0  startup_stm32f10x_hd.o(.text)
    TIM7_IRQHandler                          0x0800015f   Thumb Code     0  startup_stm32f10x_hd.o(.text)
    TIM8_BRK_IRQHandler                      0x0800015f   Thumb Code     0  startup_stm32f10x_hd.o(.text)
    TIM8_CC_IRQHandler                       0x0800015f   Thumb Code     0  startup_stm32f10x_hd.o(.text)
    TIM8_TRG_COM_IRQHandler                  0x0800015f   Thumb Code     0  startup_stm32f10x_hd.o(.text)
    TIM8_UP_IRQHandler                       0x0800015f   Thumb Code     0  startup_stm32f10x_hd.o(.text)
    UART4_IRQHandler                         0x0800015f   Thumb Code     0  startup_stm32f10x_hd.o(.text)
    UART5_IRQHandler                         0x0800015f   Thumb Code     0  startup_stm32f10x_hd.o(.text)
    USART2_IRQHandler                        0x0800015f   Thumb Code     0  startup_stm32f10x_hd.o(.text)
    USART3_IRQHandler                        0x0800015f   Thumb Code     0  startup_stm32f10x_hd.o(.text)
    USBWakeUp_IRQHandler                     0x0800015f   Thumb Code     0  startup_stm32f10x_hd.o(.text)
    USB_HP_CAN1_TX_IRQHandler                0x0800015f   Thumb Code     0  startup_stm32f10x_hd.o(.text)
    USB_LP_CAN1_RX0_IRQHandler               0x0800015f   Thumb Code     0  startup_stm32f10x_hd.o(.text)
    WWDG_IRQHandler                          0x0800015f   Thumb Code     0  startup_stm32f10x_hd.o(.text)
    M8266WIFI_SPI_Interface_Communication_Stress_Test 0x080006b5   Thumb Code   102  M8266WIFIDrv_STM32F1xx.o(.text)
    M8266WIFI_SPI_Send_Data                  0x0800071b   Thumb Code    20  M8266WIFIDrv_STM32F1xx.o(.text)
    M8266WIFI_SPI_Send_Udp_Data              0x0800072f   Thumb Code    62  M8266WIFIDrv_STM32F1xx.o(.text)
    M8266WIFI_SPI_Send_Data_to_TcpClient     0x0800076d   Thumb Code    68  M8266WIFIDrv_STM32F1xx.o(.text)
    M8266WIFI_SPI_StartModuleSmartConfig     0x080007b1   Thumb Code    84  M8266WIFIDrv_STM32F1xx.o(.text)
    __aeabi_memset                           0x08000805   Thumb Code    14  memseta.o(.text)
    __aeabi_memset4                          0x08000805   Thumb Code     0  memseta.o(.text)
    __aeabi_memset8                          0x08000805   Thumb Code     0  memseta.o(.text)
    __aeabi_memclr                           0x08000813   Thumb Code     4  memseta.o(.text)
    __aeabi_memclr4                          0x08000813   Thumb Code     0  memseta.o(.text)
    __aeabi_memclr8                          0x08000813   Thumb Code     0  memseta.o(.text)
    memset                                   0x08000817   Thumb Code    18  memseta.o(.text)
    strcmp                                   0x08000829   Thumb Code    28  strcmp.o(.text)
    __scatterload                            0x08000845   Thumb Code    28  init.o(.text)
    __scatterload_rt2                        0x08000845   Thumb Code     0  init.o(.text)
    M8266HostIf_SPI_Select                   0x080012a1   Thumb Code   200  M8266WIFIDrv_STM32F1xx.o(.text.M8266HostIf_SPI_Select)
    M8266WIFI_SPI_Config_STA_Param           0x08001369   Thumb Code    24  M8266WIFIDrv_STM32F1xx.o(.text.M8266WIFI_SPI_Config_STA_Param)
    M8266WIFI_SPI_Config_Tcp_Window_num      0x08001381   Thumb Code    24  M8266WIFIDrv_STM32F1xx.o(.text.M8266WIFI_SPI_Config_Tcp_Window_num)
    M8266WIFI_SPI_Delete_Connection          0x08001399   Thumb Code    22  M8266WIFIDrv_STM32F1xx.o(.text.M8266WIFI_SPI_Delete_Connection)
    M8266WIFI_SPI_Get_Module_Info            0x080013af   Thumb Code   158  M8266WIFIDrv_STM32F1xx.o(.text.M8266WIFI_SPI_Get_Module_Info)
    M8266WIFI_SPI_Get_Opmode                 0x0800144d   Thumb Code    72  M8266WIFIDrv_STM32F1xx.o(.text.M8266WIFI_SPI_Get_Opmode)
    M8266WIFI_SPI_Get_STA_Connection_Status  0x08001495   Thumb Code    88  M8266WIFIDrv_STM32F1xx.o(.text.M8266WIFI_SPI_Get_STA_Connection_Status)
    M8266WIFI_SPI_Get_STA_IP_Addr            0x080014ed   Thumb Code   110  M8266WIFIDrv_STM32F1xx.o(.text.M8266WIFI_SPI_Get_STA_IP_Addr)
    M8266WIFI_SPI_Has_DataReceived           0x0800155b   Thumb Code    18  M8266WIFIDrv_STM32F1xx.o(.text.M8266WIFI_SPI_Has_DataReceived)
    M8266WIFI_SPI_Interface_Communication_OK 0x0800156d   Thumb Code    68  M8266WIFIDrv_STM32F1xx.o(.text.M8266WIFI_SPI_Interface_Communication_OK)
    M8266WIFI_SPI_Query_Connection           0x080015b1   Thumb Code   216  M8266WIFIDrv_STM32F1xx.o(.text.M8266WIFI_SPI_Query_Connection)
    M8266WIFI_SPI_RecvData                   0x08001689   Thumb Code    20  M8266WIFIDrv_STM32F1xx.o(.text.M8266WIFI_SPI_RecvData)
    M8266WIFI_SPI_STA_Connect_Ap             0x0800169d   Thumb Code   832  M8266WIFIDrv_STM32F1xx.o(.text.M8266WIFI_SPI_STA_Connect_Ap)
    M8266WIFI_SPI_STA_DisConnect_Ap          0x080019dd   Thumb Code   120  M8266WIFIDrv_STM32F1xx.o(.text.M8266WIFI_SPI_STA_DisConnect_Ap)
    M8266WIFI_SPI_STA_Get_HostIP_by_HostName 0x08001a55   Thumb Code   668  M8266WIFIDrv_STM32F1xx.o(.text.M8266WIFI_SPI_STA_Get_HostIP_by_HostName)
    M8266WIFI_SPI_STA_Query_Current_SSID_And_RSSI 0x08001cf1   Thumb Code   134  M8266WIFIDrv_STM32F1xx.o(.text.M8266WIFI_SPI_STA_Query_Current_SSID_And_RSSI)
    M8266WIFI_SPI_Set_Opmode                 0x08001d77   Thumb Code   118  M8266WIFIDrv_STM32F1xx.o(.text.M8266WIFI_SPI_Set_Opmode)
    M8266WIFI_SPI_Setup_Connection           0x08001ded   Thumb Code   544  M8266WIFIDrv_STM32F1xx.o(.text.M8266WIFI_SPI_Setup_Connection)
    BusFault_Handler                         0x0800200d   Thumb Code     2  stm32f10x_it.o(i.BusFault_Handler)
    DebugMon_Handler                         0x0800200f   Thumb Code     2  stm32f10x_it.o(i.DebugMon_Handler)
    GPIO_Init                                0x08002011   Thumb Code   162  stm32f10x_gpio.o(i.GPIO_Init)
    GPIO_ResetBits                           0x080020b3   Thumb Code     4  stm32f10x_gpio.o(i.GPIO_ResetBits)
    GPIO_SetBits                             0x080020b7   Thumb Code     4  stm32f10x_gpio.o(i.GPIO_SetBits)
    HardFault_Handler                        0x080020bb   Thumb Code     2  stm32f10x_it.o(i.HardFault_Handler)
    KEY_Init                                 0x080020bd   Thumb Code    52  key.o(i.KEY_Init)
    LED_Init                                 0x080020f9   Thumb Code    70  led.o(i.LED_Init)
    LED_set                                  0x08002149   Thumb Code    24  led.o(i.LED_set)
    M8266HostIf_GPIO_CS_RESET_Init           0x08002169   Thumb Code    76  m8266hostif_stm32xx.o(i.M8266HostIf_GPIO_CS_RESET_Init)
    M8266HostIf_Init                         0x080021b9   Thumb Code    14  m8266hostif_stm32xx.o(i.M8266HostIf_Init)
    M8266HostIf_SPI_Init                     0x080021c9   Thumb Code   132  m8266hostif_stm32xx.o(i.M8266HostIf_SPI_Init)
    M8266HostIf_SPI_SetSpeed                 0x08002255   Thumb Code    24  m8266hostif_stm32xx.o(i.M8266HostIf_SPI_SetSpeed)
    M8266HostIf_Set_SPI_nCS_Pin              0x08002271   Thumb Code    16  m8266hostif_stm32xx.o(i.M8266HostIf_Set_SPI_nCS_Pin)
    M8266HostIf_Set_nRESET_Pin               0x08002285   Thumb Code    16  m8266hostif_stm32xx.o(i.M8266HostIf_Set_nRESET_Pin)
    M8266HostIf_delay_us                     0x08002299   Thumb Code     4  m8266hostif_stm32xx.o(i.M8266HostIf_delay_us)
    M8266WIFI_Module_Hardware_Reset          0x0800229d   Thumb Code    58  m8266wifi_ops.o(i.M8266WIFI_Module_Hardware_Reset)
    M8266WIFI_Module_Init_Via_SPI            0x080022d9   Thumb Code   338  m8266wifi_ops.o(i.M8266WIFI_Module_Init_Via_SPI)
    M8266WIFI_Module_delay_ms                0x08002455   Thumb Code    34  m8266wifi_ops.o(i.M8266WIFI_Module_delay_ms)
    M8266WIFI_SPI_wait_sta_connecting_to_ap_and_get_ip 0x08002479   Thumb Code    68  m8266wifi_ops.o(i.M8266WIFI_SPI_wait_sta_connecting_to_ap_and_get_ip)
    M8266WIFI_Test                           0x080024c5   Thumb Code   512  test_m8266wifi.o(i.M8266WIFI_Test)
    MemManage_Handler                        0x080026d9   Thumb Code     2  stm32f10x_it.o(i.MemManage_Handler)
    NMI_Handler                              0x080026db   Thumb Code     2  stm32f10x_it.o(i.NMI_Handler)
    NVIC_Init                                0x080026dd   Thumb Code    94  misc.o(i.NVIC_Init)
    NVIC_PriorityGroupConfig                 0x08002741   Thumb Code    10  misc.o(i.NVIC_PriorityGroupConfig)
    OLED_Clear                               0x08002755   Thumb Code    40  oled.o(i.OLED_Clear)
    OLED_ColorTurn                           0x08002781   Thumb Code    24  oled.o(i.OLED_ColorTurn)
    OLED_DisplayTurn                         0x08002799   Thumb Code    44  oled.o(i.OLED_DisplayTurn)
    OLED_Init                                0x080027c5   Thumb Code   370  oled.o(i.OLED_Init)
    OLED_Refresh                             0x08002945   Thumb Code    70  oled.o(i.OLED_Refresh)
    OLED_Set_Pos                             0x08002991   Thumb Code    44  oled.o(i.OLED_Set_Pos)
    OLED_WR_Byte                             0x080029bd   Thumb Code   118  oled.o(i.OLED_WR_Byte)
    PendSV_Handler                           0x08002a3d   Thumb Code     2  stm32f10x_it.o(i.PendSV_Handler)
    RCC_APB2PeriphClockCmd                   0x08002a41   Thumb Code    18  stm32f10x_rcc.o(i.RCC_APB2PeriphClockCmd)
    RCC_APB2PeriphResetCmd                   0x08002a59   Thumb Code    18  stm32f10x_rcc.o(i.RCC_APB2PeriphResetCmd)
    RCC_GetClocksFreq                        0x08002a71   Thumb Code   128  stm32f10x_rcc.o(i.RCC_GetClocksFreq)
    SPI_Cmd                                  0x08002b01   Thumb Code    20  stm32f10x_spi.o(i.SPI_Cmd)
    SPI_Init                                 0x08002b15   Thumb Code    56  stm32f10x_spi.o(i.SPI_Init)
    SVC_Handler                              0x08002b4d   Thumb Code     2  stm32f10x_it.o(i.SVC_Handler)
    ScanScreem                               0x08002b4f   Thumb Code    52  test_m8266wifi.o(i.ScanScreem)
    SysTick_CLKSourceConfig                  0x08002c2d   Thumb Code    24  misc.o(i.SysTick_CLKSourceConfig)
    SysTick_Handler                          0x08002c45   Thumb Code     2  stm32f10x_it.o(i.SysTick_Handler)
    SystemInit                               0x08002c49   Thumb Code    64  system_stm32f10x.o(i.SystemInit)
    USART1_IRQHandler                        0x08002c99   Thumb Code    88  usart.o(i.USART1_IRQHandler)
    USART_Cmd                                0x08002cfd   Thumb Code    20  stm32f10x_usart.o(i.USART_Cmd)
    USART_GetITStatus                        0x08002d11   Thumb Code    62  stm32f10x_usart.o(i.USART_GetITStatus)
    USART_ITConfig                           0x08002d4f   Thumb Code    48  stm32f10x_usart.o(i.USART_ITConfig)
    USART_Init                               0x08002d81   Thumb Code   166  stm32f10x_usart.o(i.USART_Init)
    USART_ReceiveData                        0x08002e2d   Thumb Code     8  stm32f10x_usart.o(i.USART_ReceiveData)
    UsageFault_Handler                       0x08002e35   Thumb Code     2  stm32f10x_it.o(i.UsageFault_Handler)
    __scatterload_copy                       0x08002e37   Thumb Code    14  handlers.o(i.__scatterload_copy)
    __scatterload_null                       0x08002e45   Thumb Code     2  handlers.o(i.__scatterload_null)
    __scatterload_zeroinit                   0x08002e47   Thumb Code    14  handlers.o(i.__scatterload_zeroinit)
    delay_init                               0x08002e55   Thumb Code    46  delay.o(i.delay_init)
    delay_ms                                 0x08002e91   Thumb Code    46  delay.o(i.delay_ms)
    delay_us                                 0x08002ec5   Thumb Code    46  delay.o(i.delay_us)
    main                                     0x08002ef9   Thumb Code   238  main.o(i.main)
    uart_init                                0x08002fe9   Thumb Code   152  usart.o(i.uart_init)
    Region$$Table$$Base                      0x08003110   Number         0  anon$$obj.o(Region$$Table)
    Region$$Table$$Limit                     0x08003130   Number         0  anon$$obj.o(Region$$Table)
    USART_RX_STA                             0x20000018   Data           2  usart.o(.data)
    SystemCoreClock                          0x2000001c   Data           4  system_stm32f10x.o(.data)
    AHBPrescTable                            0x20000020   Data          16  system_stm32f10x.o(.data)
    USART_RX_BUF                             0x20000044   Data         200  usart.o(.bss)
    OLED_GRAM                                0x2000010c   Data        1152  oled.o(.bss)
    __initial_sp                             0x20002598   Data           0  startup_stm32f10x_hd.o(STACK)



==============================================================================

Memory Map of the image

  Image Entry point : 0x08000131

  Load Region LR_IROM1 (Base: 0x08000000, Size: 0x00003174, Max: 0x00080000, ABSOLUTE)

    Execution Region ER_IROM1 (Exec base: 0x08000000, Load base: 0x08000000, Size: 0x00003130, Max: 0x00080000, ABSOLUTE)

    Exec Addr    Load Addr    Size         Type   Attr      Idx    E Section Name        Object

    0x08000000   0x08000000   0x00000130   Data   RO           19    RESET               startup_stm32f10x_hd.o
    0x08000130   0x08000130   0x00000000   Code   RO         2247  * .ARM.Collect$$$$00000000  mc_w.l(entry.o)
    0x08000130   0x08000130   0x00000004   Code   RO         2256    .ARM.Collect$$$$00000001  mc_w.l(entry2.o)
    0x08000134   0x08000134   0x00000004   Code   RO         2259    .ARM.Collect$$$$00000004  mc_w.l(entry5.o)
    0x08000138   0x08000138   0x00000000   Code   RO         2261    .ARM.Collect$$$$00000008  mc_w.l(entry7b.o)
    0x08000138   0x08000138   0x00000000   Code   RO         2263    .ARM.Collect$$$$0000000A  mc_w.l(entry8b.o)
    0x08000138   0x08000138   0x00000008   Code   RO         2264    .ARM.Collect$$$$0000000B  mc_w.l(entry9a.o)
    0x08000140   0x08000140   0x00000000   Code   RO         2266    .ARM.Collect$$$$0000000D  mc_w.l(entry10a.o)
    0x08000140   0x08000140   0x00000000   Code   RO         2268    .ARM.Collect$$$$0000000F  mc_w.l(entry11a.o)
    0x08000140   0x08000140   0x00000004   Code   RO         2257    .ARM.Collect$$$$00002712  mc_w.l(entry2.o)
    0x08000144   0x08000144   0x00000024   Code   RO           20    .text               startup_stm32f10x_hd.o
    0x08000168   0x08000168   0x0000069c   Code   RO         2136    .text               M8266WIFIDrv_STM32F1xx.a(M8266WIFIDrv_STM32F1xx.o)
    0x08000804   0x08000804   0x00000024   Code   RO         2252    .text               mc_w.l(memseta.o)
    0x08000828   0x08000828   0x0000001c   Code   RO         2254    .text               mc_w.l(strcmp.o)
    0x08000844   0x08000844   0x00000024   Code   RO         2270    .text               mc_w.l(init.o)
    0x08000868   0x08000868   0x000002d8   Code   RO         2178    .text.1             M8266WIFIDrv_STM32F1xx.a(M8266WIFIDrv_STM32F1xx.o)
    0x08000b40   0x08000b40   0x000000ee   Code   RO         2144    .text.12            M8266WIFIDrv_STM32F1xx.a(M8266WIFIDrv_STM32F1xx.o)
    0x08000c2e   0x08000c2e   0x00000152   Code   RO         2182    .text.13            M8266WIFIDrv_STM32F1xx.a(M8266WIFIDrv_STM32F1xx.o)
    0x08000d80   0x08000d80   0x000000c8   Code   RO         2145    .text.15            M8266WIFIDrv_STM32F1xx.a(M8266WIFIDrv_STM32F1xx.o)
    0x08000e48   0x08000e48   0x00000268   Code   RO         2152    .text.4             M8266WIFIDrv_STM32F1xx.a(M8266WIFIDrv_STM32F1xx.o)
    0x080010b0   0x080010b0   0x000000f4   Code   RO         2139    .text.5             M8266WIFIDrv_STM32F1xx.a(M8266WIFIDrv_STM32F1xx.o)
    0x080011a4   0x080011a4   0x000000fa   Code   RO         2141    .text.9             M8266WIFIDrv_STM32F1xx.a(M8266WIFIDrv_STM32F1xx.o)
    0x0800129e   0x0800129e   0x00000002   PAD
    0x080012a0   0x080012a0   0x000000c8   Code   RO         2234    .text.M8266HostIf_SPI_Select  M8266WIFIDrv_STM32F1xx.a(M8266WIFIDrv_STM32F1xx.o)
    0x08001368   0x08001368   0x00000018   Code   RO         2160    .text.M8266WIFI_SPI_Config_STA_Param  M8266WIFIDrv_STM32F1xx.a(M8266WIFIDrv_STM32F1xx.o)
    0x08001380   0x08001380   0x00000018   Code   RO         2199    .text.M8266WIFI_SPI_Config_Tcp_Window_num  M8266WIFIDrv_STM32F1xx.a(M8266WIFIDrv_STM32F1xx.o)
    0x08001398   0x08001398   0x00000016   Code   RO         2183    .text.M8266WIFI_SPI_Delete_Connection  M8266WIFIDrv_STM32F1xx.a(M8266WIFIDrv_STM32F1xx.o)
    0x080013ae   0x080013ae   0x0000009e   Code   RO         2233    .text.M8266WIFI_SPI_Get_Module_Info  M8266WIFIDrv_STM32F1xx.a(M8266WIFIDrv_STM32F1xx.o)
    0x0800144c   0x0800144c   0x00000048   Code   RO         2155    .text.M8266WIFI_SPI_Get_Opmode  M8266WIFIDrv_STM32F1xx.a(M8266WIFIDrv_STM32F1xx.o)
    0x08001494   0x08001494   0x00000058   Code   RO         2157    .text.M8266WIFI_SPI_Get_STA_Connection_Status  M8266WIFIDrv_STM32F1xx.a(M8266WIFIDrv_STM32F1xx.o)
    0x080014ec   0x080014ec   0x0000006e   Code   RO         2175    .text.M8266WIFI_SPI_Get_STA_IP_Addr  M8266WIFIDrv_STM32F1xx.a(M8266WIFIDrv_STM32F1xx.o)
    0x0800155a   0x0800155a   0x00000012   Code   RO         2151    .text.M8266WIFI_SPI_Has_DataReceived  M8266WIFIDrv_STM32F1xx.a(M8266WIFIDrv_STM32F1xx.o)
    0x0800156c   0x0800156c   0x00000044   Code   RO         2150    .text.M8266WIFI_SPI_Interface_Communication_OK  M8266WIFIDrv_STM32F1xx.a(M8266WIFIDrv_STM32F1xx.o)
    0x080015b0   0x080015b0   0x000000d8   Code   RO         2181    .text.M8266WIFI_SPI_Query_Connection  M8266WIFIDrv_STM32F1xx.a(M8266WIFIDrv_STM32F1xx.o)
    0x08001688   0x08001688   0x00000014   Code   RO         2153    .text.M8266WIFI_SPI_RecvData  M8266WIFIDrv_STM32F1xx.a(M8266WIFIDrv_STM32F1xx.o)
    0x0800169c   0x0800169c   0x00000340   Code   RO         2164    .text.M8266WIFI_SPI_STA_Connect_Ap  M8266WIFIDrv_STM32F1xx.a(M8266WIFIDrv_STM32F1xx.o)
    0x080019dc   0x080019dc   0x00000078   Code   RO         2163    .text.M8266WIFI_SPI_STA_DisConnect_Ap  M8266WIFIDrv_STM32F1xx.a(M8266WIFIDrv_STM32F1xx.o)
    0x08001a54   0x08001a54   0x0000029c   Code   RO         2177    .text.M8266WIFI_SPI_STA_Get_HostIP_by_HostName  M8266WIFIDrv_STM32F1xx.a(M8266WIFIDrv_STM32F1xx.o)
    0x08001cf0   0x08001cf0   0x00000086   Code   RO         2176    .text.M8266WIFI_SPI_STA_Query_Current_SSID_And_RSSI  M8266WIFIDrv_STM32F1xx.a(M8266WIFIDrv_STM32F1xx.o)
    0x08001d76   0x08001d76   0x00000076   Code   RO         2156    .text.M8266WIFI_SPI_Set_Opmode  M8266WIFIDrv_STM32F1xx.a(M8266WIFIDrv_STM32F1xx.o)
    0x08001dec   0x08001dec   0x00000220   Code   RO         2186    .text.M8266WIFI_SPI_Setup_Connection  M8266WIFIDrv_STM32F1xx.a(M8266WIFIDrv_STM32F1xx.o)
    0x0800200c   0x0800200c   0x00000002   Code   RO         2069    i.BusFault_Handler  stm32f10x_it.o
    0x0800200e   0x0800200e   0x00000002   Code   RO         2070    i.DebugMon_Handler  stm32f10x_it.o
    0x08002010   0x08002010   0x000000a2   Code   RO          167    i.GPIO_Init         stm32f10x_gpio.o
    0x080020b2   0x080020b2   0x00000004   Code   RO          174    i.GPIO_ResetBits    stm32f10x_gpio.o
    0x080020b6   0x080020b6   0x00000004   Code   RO          175    i.GPIO_SetBits      stm32f10x_gpio.o
    0x080020ba   0x080020ba   0x00000002   Code   RO         2071    i.HardFault_Handler  stm32f10x_it.o
    0x080020bc   0x080020bc   0x0000003c   Code   RO         1590    i.KEY_Init          key.o
    0x080020f8   0x080020f8   0x00000050   Code   RO         1612    i.LED_Init          led.o
    0x08002148   0x08002148   0x00000020   Code   RO         1613    i.LED_set           led.o
    0x08002168   0x08002168   0x00000050   Code   RO         1776    i.M8266HostIf_GPIO_CS_RESET_Init  m8266hostif_stm32xx.o
    0x080021b8   0x080021b8   0x0000000e   Code   RO         1777    i.M8266HostIf_Init  m8266hostif_stm32xx.o
    0x080021c6   0x080021c6   0x00000002   PAD
    0x080021c8   0x080021c8   0x0000008c   Code   RO         1778    i.M8266HostIf_SPI_Init  m8266hostif_stm32xx.o
    0x08002254   0x08002254   0x0000001c   Code   RO         1780    i.M8266HostIf_SPI_SetSpeed  m8266hostif_stm32xx.o
    0x08002270   0x08002270   0x00000014   Code   RO         1781    i.M8266HostIf_Set_SPI_nCS_Pin  m8266hostif_stm32xx.o
    0x08002284   0x08002284   0x00000014   Code   RO         1782    i.M8266HostIf_Set_nRESET_Pin  m8266hostif_stm32xx.o
    0x08002298   0x08002298   0x00000004   Code   RO         1783    i.M8266HostIf_delay_us  m8266hostif_stm32xx.o
    0x0800229c   0x0800229c   0x0000003a   Code   RO         1847    i.M8266WIFI_Module_Hardware_Reset  m8266wifi_ops.o
    0x080022d6   0x080022d6   0x00000002   PAD
    0x080022d8   0x080022d8   0x0000017c   Code   RO         1848    i.M8266WIFI_Module_Init_Via_SPI  m8266wifi_ops.o
    0x08002454   0x08002454   0x00000022   Code   RO         1849    i.M8266WIFI_Module_delay_ms  m8266wifi_ops.o
    0x08002476   0x08002476   0x00000002   PAD
    0x08002478   0x08002478   0x0000004c   Code   RO         1850    i.M8266WIFI_SPI_wait_sta_connecting_to_ap_and_get_ip  m8266wifi_ops.o
    0x080024c4   0x080024c4   0x00000214   Code   RO         1903    i.M8266WIFI_Test    test_m8266wifi.o
    0x080026d8   0x080026d8   0x00000002   Code   RO         2072    i.MemManage_Handler  stm32f10x_it.o
    0x080026da   0x080026da   0x00000002   Code   RO         2073    i.NMI_Handler       stm32f10x_it.o
    0x080026dc   0x080026dc   0x00000064   Code   RO         1452    i.NVIC_Init         misc.o
    0x08002740   0x08002740   0x00000014   Code   RO         1453    i.NVIC_PriorityGroupConfig  misc.o
    0x08002754   0x08002754   0x0000002c   Code   RO         1633    i.OLED_Clear        oled.o
    0x08002780   0x08002780   0x00000018   Code   RO         1635    i.OLED_ColorTurn    oled.o
    0x08002798   0x08002798   0x0000002c   Code   RO         1638    i.OLED_DisplayTurn  oled.o
    0x080027c4   0x080027c4   0x00000180   Code   RO         1642    i.OLED_Init         oled.o
    0x08002944   0x08002944   0x0000004c   Code   RO         1644    i.OLED_Refresh      oled.o
    0x08002990   0x08002990   0x0000002c   Code   RO         1646    i.OLED_Set_Pos      oled.o
    0x080029bc   0x080029bc   0x00000080   Code   RO         1653    i.OLED_WR_Byte      oled.o
    0x08002a3c   0x08002a3c   0x00000002   Code   RO         2074    i.PendSV_Handler    stm32f10x_it.o
    0x08002a3e   0x08002a3e   0x00000002   PAD
    0x08002a40   0x08002a40   0x00000018   Code   RO          543    i.RCC_APB2PeriphClockCmd  stm32f10x_rcc.o
    0x08002a58   0x08002a58   0x00000018   Code   RO          544    i.RCC_APB2PeriphResetCmd  stm32f10x_rcc.o
    0x08002a70   0x08002a70   0x00000090   Code   RO          551    i.RCC_GetClocksFreq  stm32f10x_rcc.o
    0x08002b00   0x08002b00   0x00000014   Code   RO          280    i.SPI_Cmd           stm32f10x_spi.o
    0x08002b14   0x08002b14   0x00000038   Code   RO          293    i.SPI_Init          stm32f10x_spi.o
    0x08002b4c   0x08002b4c   0x00000002   Code   RO         2075    i.SVC_Handler       stm32f10x_it.o
    0x08002b4e   0x08002b4e   0x00000034   Code   RO         1904    i.ScanScreem        test_m8266wifi.o
    0x08002b82   0x08002b82   0x00000002   PAD
    0x08002b84   0x08002b84   0x000000a8   Code   RO         2018    i.SetSysClockTo72   system_stm32f10x.o
    0x08002c2c   0x08002c2c   0x00000018   Code   RO         1456    i.SysTick_CLKSourceConfig  misc.o
    0x08002c44   0x08002c44   0x00000002   Code   RO         2076    i.SysTick_Handler   stm32f10x_it.o
    0x08002c46   0x08002c46   0x00000002   PAD
    0x08002c48   0x08002c48   0x00000050   Code   RO         2020    i.SystemInit        system_stm32f10x.o
    0x08002c98   0x08002c98   0x00000064   Code   RO         1548    i.USART1_IRQHandler  usart.o
    0x08002cfc   0x08002cfc   0x00000014   Code   RO         1276    i.USART_Cmd         stm32f10x_usart.o
    0x08002d10   0x08002d10   0x0000003e   Code   RO         1280    i.USART_GetITStatus  stm32f10x_usart.o
    0x08002d4e   0x08002d4e   0x00000030   Code   RO         1282    i.USART_ITConfig    stm32f10x_usart.o
    0x08002d7e   0x08002d7e   0x00000002   PAD
    0x08002d80   0x08002d80   0x000000ac   Code   RO         1283    i.USART_Init        stm32f10x_usart.o
    0x08002e2c   0x08002e2c   0x00000008   Code   RO         1290    i.USART_ReceiveData  stm32f10x_usart.o
    0x08002e34   0x08002e34   0x00000002   Code   RO         2077    i.UsageFault_Handler  stm32f10x_it.o
    0x08002e36   0x08002e36   0x0000000e   Code   RO         2274    i.__scatterload_copy  mc_w.l(handlers.o)
    0x08002e44   0x08002e44   0x00000002   Code   RO         2275    i.__scatterload_null  mc_w.l(handlers.o)
    0x08002e46   0x08002e46   0x0000000e   Code   RO         2276    i.__scatterload_zeroinit  mc_w.l(handlers.o)
    0x08002e54   0x08002e54   0x0000003c   Code   RO         1488    i.delay_init        delay.o
    0x08002e90   0x08002e90   0x00000034   Code   RO         1489    i.delay_ms          delay.o
    0x08002ec4   0x08002ec4   0x00000034   Code   RO         1490    i.delay_us          delay.o
    0x08002ef8   0x08002ef8   0x000000ee   Code   RO         1994    i.main              main.o
    0x08002fe6   0x08002fe6   0x00000002   PAD
    0x08002fe8   0x08002fe8   0x000000a0   Code   RO         1551    i.uart_init         usart.o
    0x08003088   0x08003088   0x0000000a   Data   RO         2236    .rodata             M8266WIFIDrv_STM32F1xx.a(M8266WIFIDrv_STM32F1xx.o)
    0x08003092   0x08003092   0x00000010   Data   RO         2244    .rodata.cnrpbem     M8266WIFIDrv_STM32F1xx.a(M8266WIFIDrv_STM32F1xx.o)
    0x080030a2   0x080030a2   0x00000068   Data   RO         2245    .rodata.str1.1      M8266WIFIDrv_STM32F1xx.a(M8266WIFIDrv_STM32F1xx.o)
    0x0800310a   0x0800310a   0x00000006   Data   RO         2246    .rodata.suwrtde     M8266WIFIDrv_STM32F1xx.a(M8266WIFIDrv_STM32F1xx.o)
    0x08003110   0x08003110   0x00000020   Data   RO         2272    Region$$Table       anon$$obj.o


    Execution Region RW_IRAM1 (Exec base: 0x20000000, Load base: 0x08003130, Size: 0x00002598, Max: 0x00010000, ABSOLUTE)

    Exec Addr    Load Addr    Size         Type   Attr      Idx    E Section Name        Object

    0x20000000   0x08003130   0x00000014   Data   RW          571    .data               stm32f10x_rcc.o
    0x20000014   0x08003144   0x00000004   Data   RW         1491    .data               delay.o
    0x20000018   0x08003148   0x00000002   Data   RW         1553    .data               usart.o
    0x2000001a   0x0800314a   0x00000002   PAD
    0x2000001c   0x0800314c   0x00000014   Data   RW         2021    .data               system_stm32f10x.o
    0x20000030   0x08003160   0x00000011   Data   RW         2241    .data.mdfwv         M8266WIFIDrv_STM32F1xx.a(M8266WIFIDrv_STM32F1xx.o)
    0x20000041   0x08003171   0x00000003   PAD
    0x20000044        -       0x000000c8   Zero   RW         1552    .bss                usart.o
    0x2000010c        -       0x00000480   Zero   RW         1654    .bss                oled.o
    0x2000058c        -       0x00000004   Zero   RW         2237    .bss.M8266WIFI_INTERFACE_SPI  M8266WIFIDrv_STM32F1xx.a(M8266WIFIDrv_STM32F1xx.o)
    0x20000590        -       0x00000002   Zero   RW         2238    .bss.saaddlpct      M8266WIFIDrv_STM32F1xx.a(M8266WIFIDrv_STM32F1xx.o)
    0x20000592   0x08003171   0x00000006   PAD
    0x20000598        -       0x00002000   Zero   RW           17    STACK               startup_stm32f10x_hd.o


==============================================================================

Image component sizes


      Code (inc. data)   RO Data    RW Data    ZI Data      Debug   Object Name

         0          0          0          0          0       4532   core_cm3.o
       164         26          0          4          0       1655   delay.o
        60          8          0          0          0        479   key.o
       112         18          0          0          0       1001   led.o
       306         24          0          0          0       3784   m8266hostif_stm32xx.o
       548         50          0          0          0       3483   m8266wifi_ops.o
       238          0          0          0          0        643   main.o
       144         16          0          0          0       1897   misc.o
       744         34          0          0       1152       5563   oled.o
        36          8        304          0       8192        780   startup_stm32f10x_hd.o
         0          0          0          0          0     234672   stm32f10x_exti.o
       170          0          0          0          0       2784   stm32f10x_gpio.o
        18          0          0          0          0       3558   stm32f10x_it.o
       192         28          0         20          0       4326   stm32f10x_rcc.o
        76          0          0          0          0       2037   stm32f10x_spi.o
       310          6          0          0          0       4814   stm32f10x_usart.o
       248         24          0         20          0       1665   system_stm32f10x.o
       584         20          0          0          0       5182   test_m8266wifi.o
       260         20          0          2        200       3128   usart.o

    ----------------------------------------------------------------------
      4226        282        336         48       9544     285983   Object Totals
         0          0         32          0          0          0   (incl. Generated)
        16          0          0          2          0          0   (incl. Padding)

    ----------------------------------------------------------------------

      Code (inc. data)   RO Data    RW Data    ZI Data      Debug   Library Member Name

      7742        152        136         17          6          0   M8266WIFIDrv_STM32F1xx.o
         0          0          0          0          0          0   entry.o
         0          0          0          0          0          0   entry10a.o
         0          0          0          0          0          0   entry11a.o
         8          4          0          0          0          0   entry2.o
         4          0          0          0          0          0   entry5.o
         0          0          0          0          0          0   entry7b.o
         0          0          0          0          0          0   entry8b.o
         8          4          0          0          0          0   entry9a.o
        30          0          0          0          0          0   handlers.o
        36          8          0          0          0         68   init.o
        36          0          0          0          0        108   memseta.o
        28          0          0          0          0         76   strcmp.o

    ----------------------------------------------------------------------
      7894        168        136         20         12        252   Library Totals
         2          0          0          3          6          0   (incl. Padding)

    ----------------------------------------------------------------------

      Code (inc. data)   RO Data    RW Data    ZI Data      Debug   Library Name

      7742        152        136         17          6          0   M8266WIFIDrv_STM32F1xx.a
       150         16          0          0          0        252   mc_w.l

    ----------------------------------------------------------------------
      7894        168        136         20         12        252   Library Totals

    ----------------------------------------------------------------------

==============================================================================


      Code (inc. data)   RO Data    RW Data    ZI Data      Debug   

     12120        450        472         68       9556     283683   Grand Totals
     12120        450        472         68       9556     283683   ELF Image Totals
     12120        450        472         68          0          0   ROM Totals

==============================================================================

    Total RO  Size (Code + RO Data)                12592 (  12.30kB)
    Total RW  Size (RW Data + ZI Data)              9624 (   9.40kB)
    Total ROM Size (Code + RO Data + RW Data)      12660 (  12.36kB)

==============================================================================

